Archive member included to satisfy reference by file (symbol)

app/libapp.a(main.c.obj)      (--whole-archive)
app/libapp.a(tmc9660.c.obj)   (--whole-archive)
app/libapp.a(OD.c.obj)        (--whole-archive)
zephyr/libzephyr.a(crc32c_sw.c.obj)
                              (--whole-archive)
zephyr/libzephyr.a(crc32_sw.c.obj)
                              (--whole-archive)
zephyr/libzephyr.a(crc24_sw.c.obj)
                              (--whole-archive)
zephyr/libzephyr.a(crc16_sw.c.obj)
                              (--whole-archive)
zephyr/libzephyr.a(crc8_sw.c.obj)
                              (--whole-archive)
zephyr/libzephyr.a(crc7_sw.c.obj)
                              (--whole-archive)
zephyr/libzephyr.a(crc4_sw.c.obj)
                              (--whole-archive)
zephyr/libzephyr.a(heap.c.obj)
                              (--whole-archive)
zephyr/libzephyr.a(cbprintf_packaged.c.obj)
                              (--whole-archive)
zephyr/libzephyr.a(printk.c.obj)
                              (--whole-archive)
zephyr/libzephyr.a(sem.c.obj)
                              (--whole-archive)
zephyr/libzephyr.a(thread_entry.c.obj)
                              (--whole-archive)
zephyr/libzephyr.a(cbprintf_complete.c.obj)
                              (--whole-archive)
zephyr/libzephyr.a(assert.c.obj)
                              (--whole-archive)
zephyr/libzephyr.a(mpsc_pbuf.c.obj)
                              (--whole-archive)
zephyr/libzephyr.a(reboot.c.obj)
                              (--whole-archive)
zephyr/libzephyr.a(dec.c.obj)
                              (--whole-archive)
zephyr/libzephyr.a(hex.c.obj)
                              (--whole-archive)
zephyr/libzephyr.a(rb.c.obj)  (--whole-archive)
zephyr/libzephyr.a(timeutil.c.obj)
                              (--whole-archive)
zephyr/libzephyr.a(bitarray.c.obj)
                              (--whole-archive)
zephyr/libzephyr.a(configs.c.obj)
                              (--whole-archive)
zephyr/libzephyr.a(soc.c.obj)
                              (--whole-archive)
zephyr/libzephyr.a(log_core.c.obj)
                              (--whole-archive)
zephyr/libzephyr.a(log_mgmt.c.obj)
                              (--whole-archive)
zephyr/libzephyr.a(log_cache.c.obj)
                              (--whole-archive)
zephyr/libzephyr.a(log_msg.c.obj)
                              (--whole-archive)
zephyr/libzephyr.a(log_output.c.obj)
                              (--whole-archive)
zephyr/libzephyr.a(log_backend_uart.c.obj)
                              (--whole-archive)
zephyr/libzephyr.a(tracing_none.c.obj)
                              (--whole-archive)
zephyr/libzephyr.a(max32xxx_system.c.obj)
                              (--whole-archive)
zephyr/libzephyr.a(system_max32662.c.obj)
                              (--whole-archive)
zephyr/libzephyr.a(icc_common.c.obj)
                              (--whole-archive)
zephyr/libzephyr.a(icc_me12.c.obj)
                              (--whole-archive)
zephyr/libzephyr.a(icc_reva.c.obj)
                              (--whole-archive)
zephyr/libzephyr.a(lp_me12.c.obj)
                              (--whole-archive)
zephyr/libzephyr.a(mxc_assert.c.obj)
                              (--whole-archive)
zephyr/libzephyr.a(mxc_delay.c.obj)
                              (--whole-archive)
zephyr/libzephyr.a(mxc_lock.c.obj)
                              (--whole-archive)
zephyr/libzephyr.a(pins_me12.c.obj)
                              (--whole-archive)
zephyr/libzephyr.a(sys_me12.c.obj)
                              (--whole-archive)
zephyr/libzephyr.a(dma_me12.c.obj)
                              (--whole-archive)
zephyr/libzephyr.a(dma_reva.c.obj)
                              (--whole-archive)
zephyr/libzephyr.a(can_me12.c.obj)
                              (--whole-archive)
zephyr/libzephyr.a(can_reva.c.obj)
                              (--whole-archive)
zephyr/libzephyr.a(pt_me12.c.obj)
                              (--whole-archive)
zephyr/libzephyr.a(pt_reva.c.obj)
                              (--whole-archive)
zephyr/libzephyr.a(uart_common.c.obj)
                              (--whole-archive)
zephyr/libzephyr.a(uart_me12.c.obj)
                              (--whole-archive)
zephyr/libzephyr.a(uart_revb.c.obj)
                              (--whole-archive)
zephyr/libzephyr.a(gpio_common.c.obj)
                              (--whole-archive)
zephyr/libzephyr.a(gpio_me12.c.obj)
                              (--whole-archive)
zephyr/libzephyr.a(gpio_reva.c.obj)
                              (--whole-archive)
zephyr/libzephyr.a(spi_me12.c.obj)
                              (--whole-archive)
zephyr/libzephyr.a(spi_reva1.c.obj)
                              (--whole-archive)
zephyr/libzephyr.a(i2c_me12.c.obj)
                              (--whole-archive)
zephyr/libzephyr.a(i2c_reva.c.obj)
                              (--whole-archive)
zephyr/arch/common/libarch__common.a(sw_isr_common.c.obj)
[...]
Memory Configuration

Name             Origin             Length             Attributes
FLASH            0x0000000010000000 0x0000000000040000 xr
RAM              0x0000000020008000 0x0000000000004000 xw
IDT_LIST         0x00000000ffff7fff 0x0000000000008000 xw
*default*        0x0000000000000000 0xffffffffffffffff

Linker script and memory map

                0x0000000010009820                vfprintf = __l_vfprintf
                0x0000000000000000                vfscanf = __l_vfscanf
LOAD zephyr/CMakeFiles/zephyr_final.dir/misc/empty_file.c.obj
LOAD zephyr/CMakeFiles/zephyr_final.dir/isr_tables.c.obj
LOAD zephyr/CMakeFiles/offsets.dir/./arch/arm/core/offsets/offsets.c.obj
LOAD app/libapp.a
LOAD zephyr/libzephyr.a
LOAD zephyr/arch/common/libarch__common.a
LOAD zephyr/arch/arch/arm/core/libarch__arm__core.a
LOAD zephyr/arch/arch/arm/core/cortex_m/libarch__arm__core__cortex_m.a
LOAD zephyr/lib/libc/picolibc/liblib__libc__picolibc.a
LOAD zephyr/lib/libc/common/liblib__libc__common.a
LOAD zephyr/drivers/can/libdrivers__can.a
LOAD zephyr/drivers/clock_control/libdrivers__clock_control.a
LOAD zephyr/drivers/console/libdrivers__console.a
LOAD zephyr/drivers/gpio/libdrivers__gpio.a
LOAD zephyr/drivers/i2c/libdrivers__i2c.a
LOAD zephyr/drivers/pinctrl/libdrivers__pinctrl.a
LOAD zephyr/drivers/serial/libdrivers__serial.a
LOAD zephyr/drivers/spi/libdrivers__spi.a
LOAD zephyr/drivers/timer/libdrivers__timer.a
LOAD modules/canopennode/libmodules__canopennode.a
LOAD zephyr/kernel/libkernel.a
LOAD zephyr/arch/common/libisr_tables.a
LOAD /home/ioan/zephyr-sdk-0.17.0/arm-zephyr-eabi/bin/../lib/gcc/../../picolibc/arm-zephyr-eabi/lib/thumb/v7e-m/nofp/libc.a
LOAD /home/ioan/zephyr-sdk-0.17.0/arm-zephyr-eabi/bin/../lib/gcc/arm-zephyr-eabi/12.2.0/thumb/v7e-m/nofp/libgcc.a
                0x0000000000000004                _region_min_align = 0x4

.rel.plt        0x0000000010000000        0x0
 *(SORT_BY_ALIGNMENT(.rel.plt))
                [!provide]                        PROVIDE (__rel_iplt_start = .)
 *(SORT_BY_ALIGNMENT(.rel.iplt))
 .rel.iplt      0x0000000010000000        0x0 zephyr/CMakeFiles/zephyr_final.dir/isr_tables.c.obj
                [!provide]                        PROVIDE (__rel_iplt_end = .)

.rela.plt       0x0000000000000000        0x0
 *(SORT_BY_ALIGNMENT(.rela.plt))
                [!provide]                        PROVIDE (__rela_iplt_start = .)
 *(SORT_BY_ALIGNMENT(.rela.iplt))
                [!provide]                        PROVIDE (__rela_iplt_end = .)

.rel.dyn
 *(SORT_BY_ALIGNMENT(.rel.*))

.rela.dyn
 *(SORT_BY_ALIGNMENT(.rela.*))

/DISCARD/
 *(SORT_BY_ALIGNMENT(.plt))

/DISCARD/
 *(SORT_BY_ALIGNMENT(.iplt))
                0x0000000010000000                __rom_region_start = 0x10000000

rom_start       0x0000000010000000      0x1f0
                0x0000000010000000                __rom_start_address = .
 FILL mask 0x00
                0x0000000010000000                . = (. + (0x0 - (. - __rom_start_address)))
                0x0000000010000000                . = ALIGN (0x4)
                0x0000000010000000                . = ALIGN (0x80)
                0x0000000010000000                . = ALIGN (0x200)
                0x0000000010000000                _vector_start = .
 *(SORT_BY_ALIGNMENT(.exc_vector_table))
 *(SORT_BY_ALIGNMENT(.exc_vector_table.*))
 .exc_vector_table._vector_table_section
                0x0000000010000000       0x40 zephyr/arch/arch/arm/core/cortex_m/libarch__arm__core__cortex_m.a(vector_table.S.obj)
                0x0000000010000000                _vector_table
 *(SORT_BY_ALIGNMENT(.vectors))
                0x00000000100001f0                _vector_end = .
                0x0000000010000040                . = ALIGN (0x4)
 *(SORT_BY_ALIGNMENT(.gnu.linkonce.irq_vector_table*))
 .gnu.linkonce.irq_vector_table
                0x0000000010000040      0x1b0 zephyr/CMakeFiles/zephyr_final.dir/isr_tables.c.obj
                0x0000000010000040                _irq_vector_table
                0x00000000100001f0                _vector_end = .

text            0x00000000100001f0     0xd07c
                0x00000000100001f0                __text_region_start = .
 *(SORT_BY_ALIGNMENT(.text))
 .text          0x00000000100001f0       0x30 /home/ioan/zephyr-sdk-0.17.0/arm-zephyr-eabi/bin/../lib/gcc/arm-zephyr-eabi/12.2.0/thumb/v7e-m/nofp/libgcc.a(_aeabi_uldivmod.o)
                0x00000000100001f0                __aeabi_uldivmod
 .text          0x0000000010000220        0x4 /home/ioan/zephyr-sdk-0.17.0/arm-zephyr-eabi/bin/../lib/gcc/arm-zephyr-eabi/12.2.0/thumb/v7e-m/nofp/libgcc.a(_dvmd_tls.o)
                0x0000000010000220                __aeabi_ldiv0
                0x0000000010000220                __aeabi_idiv0
 .text          0x0000000010000224       0x10 /home/ioan/zephyr-sdk-0.17.0/arm-zephyr-eabi/bin/../lib/gcc/../../picolibc/arm-zephyr-eabi/lib/thumb/v7e-m/nofp/libc.a(strlen.S.o)
                0x0000000010000224                strlen
 .text          0x0000000010000234      0x2a0 /home/ioan/zephyr-sdk-0.17.0/arm-zephyr-eabi/bin/../lib/gcc/arm-zephyr-eabi/12.2.0/thumb/v7e-m/nofp/libgcc.a(_udivmoddi4.o)
                0x0000000010000234                __udivmoddi4
 *(SORT_BY_ALIGNMENT(.text.*))
 .text.led_callback
                0x00000000100004d4       0x44 app/libapp.a(main.c.obj)
                0x00000000100004d4                led_callback
 .text.init_leds
                0x0000000010000518       0xc4 app/libapp.a(main.c.obj)
                0x0000000010000518                init_leds
 .text.cia402_set_state
                0x00000000100005dc       0xd4 app/libapp.a(main.c.obj)
                0x00000000100005dc                cia402_set_state
 .text.agv_init_params
                0x00000000100006b0      0x2ec app/libapp.a(main.c.obj)
                0x00000000100006b0                agv_init_params
 .text.main     0x000000001000099c      0x820 app/libapp.a(main.c.obj)
                0x000000001000099c                main
 .text.tmc9660_tmcl_command
                0x00000000100011bc      0x1a4 app/libapp.a(tmc9660.c.obj)
                0x00000000100011bc                tmc9660_tmcl_command
 .text.tmc9660_init
                0x0000000010001360       0x78 app/libapp.a(tmc9660.c.obj)
                0x0000000010001360                tmc9660_init
 .text.cbvprintf_package
                0x00000000100013d8      0x3a4 zephyr/libzephyr.a(cbprintf_packaged.c.obj)
                0x00000000100013d8                cbvprintf_package
 .text.cbprintf_package_convert
                0x000000001000177c      0x3cc zephyr/libzephyr.a(cbprintf_packaged.c.obj)
                0x000000001000177c                cbprintf_package_convert
 .text.__printk_hook_install
                0x0000000010001b48        0xc zephyr/libzephyr.a(printk.c.obj)
                0x0000000010001b48                __printk_hook_install
 .text.z_thread_entry
                0x0000000010001b54       0x34 zephyr/libzephyr.a(thread_entry.c.obj)
                0x0000000010001b54                z_thread_entry
 .text.sys_reboot
                0x0000000010001b88       0x2c zephyr/libzephyr.a(reboot.c.obj)
                0x0000000010001b88                sys_reboot
 .text.activate_foreach_backend
                0x0000000010001bb4       0x64 zephyr/libzephyr.a(log_core.c.obj)
 .text.enable_logger
                0x0000000010001c18       0x5c zephyr/libzephyr.a(log_core.c.obj)
 .text.log_process_thread_timer_expiry_fn
                0x0000000010001c74        0xc zephyr/libzephyr.a(log_core.c.obj)
 .text.z_log_init
                0x0000000010001c80       0x8c zephyr/libzephyr.a(log_core.c.obj)
 .text.log_format_func_t_get
                0x0000000010001d0c        0xc zephyr/libzephyr.a(log_core.c.obj)
                0x0000000010001d0c                log_format_func_t_get
 .text.log_set_timestamp_func
                0x0000000010001d18       0x20 zephyr/libzephyr.a(log_core.c.obj)
                0x0000000010001d18                log_set_timestamp_func
 .text.z_log_notify_backend_enabled
                0x0000000010001d38       0x1c zephyr/libzephyr.a(log_core.c.obj)
                0x0000000010001d38                z_log_notify_backend_enabled
 .text.z_log_dropped
                0x0000000010001d54       0x44 zephyr/libzephyr.a(log_core.c.obj)
                0x0000000010001d54                z_log_dropped
 .text.z_log_dropped_read_and_clear
                0x0000000010001d98       0x20 zephyr/libzephyr.a(log_core.c.obj)
                0x0000000010001d98                z_log_dropped_read_and_clear
 .text.dropped_notify
                0x0000000010001db8       0x30 zephyr/libzephyr.a(log_core.c.obj)
                0x0000000010001db8                dropped_notify
 .text.z_log_msg_init
                0x0000000010001de8       0x20 zephyr/libzephyr.a(log_core.c.obj)
                0x0000000010001de8                z_log_msg_init
 .text.log_core_init
                0x0000000010001e08       0x34 zephyr/libzephyr.a(log_core.c.obj)
                0x0000000010001e08                log_core_init
 .text.z_log_msg_alloc
                0x0000000010001e3c       0x10 zephyr/libzephyr.a(log_core.c.obj)
                0x0000000010001e3c                z_log_msg_alloc
 .text.z_log_msg_local_claim
                0x0000000010001e4c        0xc zephyr/libzephyr.a(log_core.c.obj)
                0x0000000010001e4c                z_log_msg_local_claim
 .text.z_log_msg_free
                0x0000000010001e58       0x10 zephyr/libzephyr.a(log_core.c.obj)
                0x0000000010001e58                z_log_msg_free
 .text.z_log_msg_pending
                0x0000000010001e68        0xc zephyr/libzephyr.a(log_core.c.obj)
                0x0000000010001e68                z_log_msg_pending
 .text.z_impl_log_process
                0x0000000010001e74       0xb0 zephyr/libzephyr.a(log_core.c.obj)
                0x0000000010001e74                z_impl_log_process
 .text.z_impl_log_panic
                0x0000000010001f24       0x44 zephyr/libzephyr.a(log_core.c.obj)
                0x0000000010001f24                z_impl_log_panic
 .text.log_process_thread_func
                0x0000000010001f68       0xa4 zephyr/libzephyr.a(log_core.c.obj)
 .text.z_log_msg_post_finalize
                0x000000001000200c       0x78 zephyr/libzephyr.a(log_core.c.obj)
 .text.z_log_msg_commit
                0x0000000010002084       0x24 zephyr/libzephyr.a(log_core.c.obj)
                0x0000000010002084                z_log_msg_commit
 .text.log_source_name_get
                0x00000000100020a8       0x1c zephyr/libzephyr.a(log_mgmt.c.obj)
                0x00000000100020a8                log_source_name_get
 .text.log_backend_enable
                0x00000000100020c4       0x28 zephyr/libzephyr.a(log_mgmt.c.obj)
                0x00000000100020c4                log_backend_enable
 .text.z_impl_z_log_msg_static_create
                0x00000000100020ec      0x108 zephyr/libzephyr.a(log_msg.c.obj)
                0x00000000100020ec                z_impl_z_log_msg_static_create
 .text.z_log_msg_runtime_vcreate
                0x00000000100021f4       0xb4 zephyr/libzephyr.a(log_msg.c.obj)
                0x00000000100021f4                z_log_msg_runtime_vcreate
 .text.log_msg_get_source_id
                0x00000000100022a8       0x18 zephyr/libzephyr.a(log_msg.c.obj)
                0x00000000100022a8                log_msg_get_source_id
 .text.print_formatted
                0x00000000100022c0       0x24 zephyr/libzephyr.a(log_output.c.obj)
 .text.newline_print
                0x00000000100022e4       0x1c zephyr/libzephyr.a(log_output.c.obj)
 .text.log_output_process
                0x0000000010002300      0x2d4 zephyr/libzephyr.a(log_output.c.obj)
                0x0000000010002300                log_output_process
 .text.log_output_dropped_process
                0x00000000100025d4       0x58 zephyr/libzephyr.a(log_output.c.obj)
                0x00000000100025d4                log_output_dropped_process
 .text.log_output_timestamp_freq_set
                0x000000001000262c       0x2c zephyr/libzephyr.a(log_output.c.obj)
                0x000000001000262c                log_output_timestamp_freq_set
 .text.char_out
                0x0000000010002658       0x24 zephyr/libzephyr.a(log_backend_uart.c.obj)
 .text.SystemCoreClockUpdate
                0x000000001000267c       0xa8 zephyr/libzephyr.a(system_max32662.c.obj)
                0x000000001000267c                SystemCoreClockUpdate
 .text.MXC_DelayInit
                0x0000000010002724       0x7c zephyr/libzephyr.a(mxc_delay.c.obj)
 .text.MXC_DelayAsync
                0x00000000100027a0       0x38 zephyr/libzephyr.a(mxc_delay.c.obj)
                0x00000000100027a0                MXC_DelayAsync
 .text.MXC_DelayAbort
                0x00000000100027d8       0x34 zephyr/libzephyr.a(mxc_delay.c.obj)
                0x00000000100027d8                MXC_DelayAbort
 .text.MXC_Delay
                0x000000001000280c       0x50 zephyr/libzephyr.a(mxc_delay.c.obj)
                0x000000001000280c                MXC_Delay
 .text.MXC_SYS_ClockDisable
                0x000000001000285c       0x38 zephyr/libzephyr.a(sys_me12.c.obj)
                0x000000001000285c                MXC_SYS_ClockDisable
 .text.MXC_SYS_ClockEnable
                0x0000000010002894       0x44 zephyr/libzephyr.a(sys_me12.c.obj)
                0x0000000010002894                MXC_SYS_ClockEnable
 .text.MXC_SYS_ClockSourceEnable
                0x00000000100028d8       0x98 zephyr/libzephyr.a(sys_me12.c.obj)
                0x00000000100028d8                MXC_SYS_ClockSourceEnable
 .text.MXC_SYS_Clock_Select
                0x0000000010002970      0x14c zephyr/libzephyr.a(sys_me12.c.obj)
                0x0000000010002970                MXC_SYS_Clock_Select
 .text.MXC_DMA_DeInit
                0x0000000010002abc        0xc zephyr/libzephyr.a(dma_me12.c.obj)
                0x0000000010002abc                MXC_DMA_DeInit
 .text.MXC_DMA_RevA_DeInit
                0x0000000010002ac8       0x1c zephyr/libzephyr.a(dma_reva.c.obj)
                0x0000000010002ac8                MXC_DMA_RevA_DeInit
 .text.MXC_DMA_RevA_ReleaseChannel
                0x0000000010002ae4       0x4c zephyr/libzephyr.a(dma_reva.c.obj)
                0x0000000010002ae4                MXC_DMA_RevA_ReleaseChannel
 .text.MXC_CAN_Init
                0x0000000010002b30       0x28 zephyr/libzephyr.a(can_me12.c.obj)
                0x0000000010002b30                MXC_CAN_Init
 .text.MXC_CAN_PowerControl
                0x0000000010002b58       0x20 zephyr/libzephyr.a(can_me12.c.obj)
                0x0000000010002b58                MXC_CAN_PowerControl
 .text.MXC_CAN_EnableInt
                0x0000000010002b78       0x14 zephyr/libzephyr.a(can_me12.c.obj)
                0x0000000010002b78                MXC_CAN_EnableInt
 .text.MXC_CAN_GetFlags
                0x0000000010002b8c       0x14 zephyr/libzephyr.a(can_me12.c.obj)
                0x0000000010002b8c                MXC_CAN_GetFlags
 .text.MXC_CAN_ClearFlags
                0x0000000010002ba0       0x14 zephyr/libzephyr.a(can_me12.c.obj)
                0x0000000010002ba0                MXC_CAN_ClearFlags
 .text.MXC_CAN_GetClock
                0x0000000010002bb4        0xc zephyr/libzephyr.a(can_me12.c.obj)
                0x0000000010002bb4                MXC_CAN_GetClock
 .text.MXC_CAN_SetMode
                0x0000000010002bc0       0x14 zephyr/libzephyr.a(can_me12.c.obj)
                0x0000000010002bc0                MXC_CAN_SetMode
 .text.MXC_CAN_ObjectSetFilter
                0x0000000010002bd4       0x14 zephyr/libzephyr.a(can_me12.c.obj)
                0x0000000010002bd4                MXC_CAN_ObjectSetFilter
 .text.MXC_CAN_WriteTXFIFO
                0x0000000010002be8       0x24 zephyr/libzephyr.a(can_me12.c.obj)
                0x0000000010002be8                MXC_CAN_WriteTXFIFO
 .text.MXC_CAN_MessageSendAsync
                0x0000000010002c0c       0x20 zephyr/libzephyr.a(can_me12.c.obj)
                0x0000000010002c0c                MXC_CAN_MessageSendAsync
 .text.MXC_CAN_MessageReadAsync
                0x0000000010002c2c       0x14 zephyr/libzephyr.a(can_me12.c.obj)
                0x0000000010002c2c                MXC_CAN_MessageReadAsync
 .text.MXC_CAN_Handler
                0x0000000010002c40       0x18 zephyr/libzephyr.a(can_me12.c.obj)
                0x0000000010002c40                MXC_CAN_Handler
 .text.MXC_CAN_RevA_Init
                0x0000000010002c58       0x54 zephyr/libzephyr.a(can_reva.c.obj)
                0x0000000010002c58                MXC_CAN_RevA_Init
 .text.MXC_CAN_RevA_PowerControl
                0x0000000010002cac       0x64 zephyr/libzephyr.a(can_reva.c.obj)
                0x0000000010002cac                MXC_CAN_RevA_PowerControl
 .text.MXC_CAN_RevA_ObjectSetFilter
                0x0000000010002d10      0x204 zephyr/libzephyr.a(can_reva.c.obj)
                0x0000000010002d10                MXC_CAN_RevA_ObjectSetFilter
 .text.MXC_CAN_RevA_ObjectConfigure
                0x0000000010002f14       0x68 zephyr/libzephyr.a(can_reva.c.obj)
                0x0000000010002f14                MXC_CAN_RevA_ObjectConfigure
 .text.MXC_CAN_RevA_ReadRXFIFO
                0x0000000010002f7c      0x128 zephyr/libzephyr.a(can_reva.c.obj)
                0x0000000010002f7c                MXC_CAN_RevA_ReadRXFIFO
 .text.MXC_CAN_RevA_MessageSendAsync
                0x00000000100030a4       0x78 zephyr/libzephyr.a(can_reva.c.obj)
                0x00000000100030a4                MXC_CAN_RevA_MessageSendAsync
 .text.MXC_CAN_RevA_MessageReadAsync
                0x000000001000311c       0x5c zephyr/libzephyr.a(can_reva.c.obj)
                0x000000001000311c                MXC_CAN_RevA_MessageReadAsync
 .text.MXC_CAN_RevA_Handler
                0x0000000010003178      0x160 zephyr/libzephyr.a(can_reva.c.obj)
                0x0000000010003178                MXC_CAN_RevA_Handler
 .text.MXC_CAN_RevA_SignalUnitEvent
                0x00000000100032d8       0x10 zephyr/libzephyr.a(can_reva.c.obj)
                0x00000000100032d8                MXC_CAN_RevA_SignalUnitEvent
 .text.MXC_CAN_RevA_SignalObjectEvent
                0x00000000100032e8       0x10 zephyr/libzephyr.a(can_reva.c.obj)
                0x00000000100032e8                MXC_CAN_RevA_SignalObjectEvent
 .text.MXC_UART_Shutdown
                0x00000000100032f8       0x38 zephyr/libzephyr.a(uart_me12.c.obj)
                0x00000000100032f8                MXC_UART_Shutdown
 .text.MXC_UART_SetFrequency
                0x0000000010003330       0x6c zephyr/libzephyr.a(uart_me12.c.obj)
                0x0000000010003330                MXC_UART_SetFrequency
 .text.MXC_UART_SetClockSource
                0x000000001000339c       0x3c zephyr/libzephyr.a(uart_me12.c.obj)
                0x000000001000339c                MXC_UART_SetClockSource
 .text.MXC_UART_RevB_SetClockSource
                0x00000000100033d8       0x64 zephyr/libzephyr.a(uart_revb.c.obj)
                0x00000000100033d8                MXC_UART_RevB_SetClockSource
 .text.MXC_GPIO_Common_Init
                0x000000001000343c       0x20 zephyr/libzephyr.a(gpio_common.c.obj)
                0x000000001000343c                MXC_GPIO_Common_Init
 .text.MXC_GPIO_Common_GetConfigLock
                0x000000001000345c        0xc zephyr/libzephyr.a(gpio_common.c.obj)
                0x000000001000345c                MXC_GPIO_Common_GetConfigLock
 .text.MXC_SPI_Init
                0x0000000010003468       0x50 zephyr/libzephyr.a(spi_me12.c.obj)
                0x0000000010003468                MXC_SPI_Init
 .text.MXC_SPI_Shutdown
                0x00000000100034b8       0x30 zephyr/libzephyr.a(spi_me12.c.obj)
                0x00000000100034b8                MXC_SPI_Shutdown
 .text.MXC_SPI_GetPeripheralClock
                0x00000000100034e8       0x24 zephyr/libzephyr.a(spi_me12.c.obj)
                0x00000000100034e8                MXC_SPI_GetPeripheralClock
 .text.MXC_SPI_RevA1_Init
                0x000000001000350c       0xe0 zephyr/libzephyr.a(spi_reva1.c.obj)
                0x000000001000350c                MXC_SPI_RevA1_Init
 .text.MXC_SPI_RevA1_Shutdown
                0x00000000100035ec       0xa0 zephyr/libzephyr.a(spi_reva1.c.obj)
                0x00000000100035ec                MXC_SPI_RevA1_Shutdown
 .text.MXC_SPI_RevA1_SetFrequency
                0x000000001000368c       0x70 zephyr/libzephyr.a(spi_reva1.c.obj)
                0x000000001000368c                MXC_SPI_RevA1_SetFrequency
 .text.MXC_SPI_RevA1_SetDataSize
                0x00000000100036fc       0x80 zephyr/libzephyr.a(spi_reva1.c.obj)
                0x00000000100036fc                MXC_SPI_RevA1_SetDataSize
 .text.MXC_SPI_RevA1_SetSlave
                0x000000001000377c       0x5c zephyr/libzephyr.a(spi_reva1.c.obj)
                0x000000001000377c                MXC_SPI_RevA1_SetSlave
 .text.MXC_SPI_RevA1_HWSSControl
                0x00000000100037d8       0x34 zephyr/libzephyr.a(spi_reva1.c.obj)
                0x00000000100037d8                MXC_SPI_RevA1_HWSSControl
 .text.MXC_I2C_Shutdown
                0x000000001000380c       0x40 zephyr/libzephyr.a(i2c_me12.c.obj)
                0x000000001000380c                MXC_I2C_Shutdown
 .text.MXC_I2C_RevA_Init
                0x000000001000384c       0xd8 zephyr/libzephyr.a(i2c_reva.c.obj)
                0x000000001000384c                MXC_I2C_RevA_Init
 .text.MXC_I2C_RevA_Shutdown
                0x0000000010003924       0x94 zephyr/libzephyr.a(i2c_reva.c.obj)
                0x0000000010003924                MXC_I2C_RevA_Shutdown
 .text.MXC_I2C_RevA_SetFrequency
                0x00000000100039b8       0xa4 zephyr/libzephyr.a(i2c_reva.c.obj)
                0x00000000100039b8                MXC_I2C_RevA_SetFrequency
 .text.MXC_I2C_RevA_GetFrequency
                0x0000000010003a5c       0x38 zephyr/libzephyr.a(i2c_reva.c.obj)
                0x0000000010003a5c                MXC_I2C_RevA_GetFrequency
 .text.z_arm_fatal_error
                0x0000000010003a94      0x110 zephyr/arch/arch/arm/core/libarch__arm__core.a(fatal.c.obj)
                0x0000000010003a94                z_arm_fatal_error
 .text.z_SysNmiOnReset
                0x0000000010003ba4        0x8 zephyr/arch/arch/arm/core/libarch__arm__core.a(nmi_on_reset.S.obj)
                0x0000000010003ba4                z_SysNmiOnReset
 .text.arch_tls_stack_setup
                0x0000000010003bac       0x40 zephyr/arch/arch/arm/core/libarch__arm__core.a(tls.c.obj)
                0x0000000010003bac                arch_tls_stack_setup
 .text._HandlerModeExit
                0x0000000010003bec       0x28 zephyr/arch/arch/arm/core/cortex_m/libarch__arm__core__cortex_m.a(exc_exit.c.obj)
                0x0000000010003bec                z_arm_exc_exit
                0x0000000010003bec                z_arm_int_exit
 .text.usage_fault.constprop.0
                0x0000000010003c14      0x174 zephyr/arch/arch/arm/core/cortex_m/libarch__arm__core__cortex_m.a(fault.c.obj)
 .text.bus_fault.constprop.0
                0x0000000010003d88      0x1b8 zephyr/arch/arch/arm/core/cortex_m/libarch__arm__core__cortex_m.a(fault.c.obj)
 .text.mem_manage_fault.constprop.0
                0x0000000010003f40      0x19c zephyr/arch/arch/arm/core/cortex_m/libarch__arm__core__cortex_m.a(fault.c.obj)
 .text.z_arm_fault
                0x00000000100040dc      0x2a4 zephyr/arch/arch/arm/core/cortex_m/libarch__arm__core__cortex_m.a(fault.c.obj)
                0x00000000100040dc                z_arm_fault
 .text.z_arm_fault_init
                0x0000000010004380       0x18 zephyr/arch/arch/arm/core/cortex_m/libarch__arm__core__cortex_m.a(fault.c.obj)
                0x0000000010004380                z_arm_fault_init
 .text.__fault  0x0000000010004398       0x14 zephyr/arch/arch/arm/core/cortex_m/libarch__arm__core__cortex_m.a(fault_s.S.obj)
                0x0000000010004398                z_arm_bus_fault
                0x0000000010004398                z_arm_usage_fault
                0x0000000010004398                z_arm_mpu_fault
                0x0000000010004398                z_arm_exc_spurious
                0x0000000010004398                z_arm_debug_monitor
                0x0000000010004398                z_arm_hard_fault
 .text._reset_section
                0x00000000100043ac       0x2c zephyr/arch/arch/arm/core/cortex_m/libarch__arm__core__cortex_m.a(reset.S.obj)
                0x00000000100043ac                z_arm_reset
                0x00000000100043ac                __start
 .text.sys_arch_reboot
                0x00000000100043d8       0x24 zephyr/arch/arch/arm/core/cortex_m/libarch__arm__core__cortex_m.a(scb.c.obj)
                0x00000000100043d8                sys_arch_reboot
 .text.z_impl_k_thread_abort
                0x00000000100043fc       0x2c zephyr/arch/arch/arm/core/cortex_m/libarch__arm__core__cortex_m.a(thread_abort.c.obj)
                0x00000000100043fc                z_impl_k_thread_abort
 .text.arch_swap
                0x0000000010004428       0x30 zephyr/arch/arch/arm/core/cortex_m/libarch__arm__core__cortex_m.a(swap.c.obj)
                0x0000000010004428                arch_swap
 .text.z_arm_pendsv
                0x0000000010004458       0x58 zephyr/arch/arch/arm/core/cortex_m/libarch__arm__core__cortex_m.a(swap_helper.S.obj)
                0x0000000010004458                z_arm_pendsv
 .text.z_arm_svc
                0x00000000100044b0       0x24 zephyr/arch/arch/arm/core/cortex_m/libarch__arm__core__cortex_m.a(swap_helper.S.obj)
                0x00000000100044b0                z_arm_svc
 .text.arch_irq_enable
                0x00000000100044d4       0x1c zephyr/arch/arch/arm/core/cortex_m/libarch__arm__core__cortex_m.a(irq_manage.c.obj)
                0x00000000100044d4                arch_irq_enable
 .text.z_arm_irq_priority_set
                0x00000000100044f0       0x30 zephyr/arch/arch/arm/core/cortex_m/libarch__arm__core__cortex_m.a(irq_manage.c.obj)
                0x00000000100044f0                z_arm_irq_priority_set
 .text.z_prep_c
                0x0000000010004520       0x48 zephyr/arch/arch/arm/core/cortex_m/libarch__arm__core__cortex_m.a(prep_c.c.obj)
                0x0000000010004520                z_prep_c
 .text.arch_new_thread
                0x0000000010004568       0x38 zephyr/arch/arch/arm/core/cortex_m/libarch__arm__core__cortex_m.a(thread.c.obj)
                0x0000000010004568                arch_new_thread
 .text.arch_switch_to_main_thread
                0x00000000100045a0       0x40 zephyr/arch/arch/arm/core/cortex_m/libarch__arm__core__cortex_m.a(thread.c.obj)
                0x00000000100045a0                arch_switch_to_main_thread
 .text.z_arm_cpu_idle_init
                0x00000000100045e0        0xc zephyr/arch/arch/arm/core/cortex_m/libarch__arm__core__cortex_m.a(cpu_idle.c.obj)
                0x00000000100045e0                z_arm_cpu_idle_init
 .text.z_arm_interrupt_init
                0x00000000100045ec       0x18 zephyr/arch/arch/arm/core/cortex_m/libarch__arm__core__cortex_m.a(irq_init.c.obj)
                0x00000000100045ec                z_arm_interrupt_init
 .text._isr_wrapper
                0x0000000010004604       0x24 zephyr/arch/arch/arm/core/cortex_m/libarch__arm__core__cortex_m.a(isr_wrapper.c.obj)
                0x0000000010004604                _isr_wrapper
 .text.z_impl_zephyr_fputc
                0x0000000010004628       0x10 zephyr/lib/libc/picolibc/liblib__libc__picolibc.a(libc-hooks.c.obj)
                0x0000000010004628                z_impl_zephyr_fputc
 .text.__stdout_hook_install
                0x0000000010004638       0x18 zephyr/lib/libc/picolibc/liblib__libc__picolibc.a(libc-hooks.c.obj)
                0x0000000010004638                __stdout_hook_install
 .text.cbvprintf
                0x0000000010004650       0x38 zephyr/lib/libc/picolibc/liblib__libc__picolibc.a(libc-hooks.c.obj)
                0x0000000010004650                cbvprintf
 .text.malloc_prepare
                0x0000000010004688       0x24 zephyr/lib/libc/common/liblib__libc__common.a(malloc.c.obj)
 .text.z_impl_can_send
                0x00000000100046ac       0xdc zephyr/drivers/can/libdrivers__can.a(can_common.c.obj)
                0x00000000100046ac                z_impl_can_send
 .text.can_add_rx_filter
                0x0000000010004788       0x90 zephyr/drivers/can/libdrivers__can.a(can_common.c.obj)
                0x0000000010004788                can_add_rx_filter
 .text.z_impl_can_calc_timing
                0x0000000010004818      0x1c8 zephyr/drivers/can/libdrivers__can.a(can_common.c.obj)
                0x0000000010004818                z_impl_can_calc_timing
 .text.z_impl_can_set_bitrate
                0x00000000100049e0       0x6c zephyr/drivers/can/libdrivers__can.a(can_common.c.obj)
                0x00000000100049e0                z_impl_can_set_bitrate
 .text.unit_event_callback
                0x0000000010004a4c       0x5c zephyr/drivers/can/libdrivers__can.a(can_max32.c.obj)
                0x0000000010004a4c                unit_event_callback
 .text.can_max32_set_mode
                0x0000000010004aa8       0xb4 zephyr/drivers/can/libdrivers__can.a(can_max32.c.obj)
 .text.can_max32_set_timing
                0x0000000010004b5c       0xa4 zephyr/drivers/can/libdrivers__can.a(can_max32.c.obj)
 .text.can_max32_send
                0x0000000010004c00      0x160 zephyr/drivers/can/libdrivers__can.a(can_max32.c.obj)
 .text.can_max32_start
                0x0000000010004d60       0x80 zephyr/drivers/can/libdrivers__can.a(can_max32.c.obj)
 .text.can_max32_stop
                0x0000000010004de0       0x74 zephyr/drivers/can/libdrivers__can.a(can_max32.c.obj)
 .text.can_max32_add_rx_filter
                0x0000000010004e54       0xe8 zephyr/drivers/can/libdrivers__can.a(can_max32.c.obj)
 .text.can_max32_remove_rx_filter
                0x0000000010004f3c       0xcc zephyr/drivers/can/libdrivers__can.a(can_max32.c.obj)
 .text.can_max32_init
                0x0000000010005008      0x258 zephyr/drivers/can/libdrivers__can.a(can_max32.c.obj)
 .text.can_max32_rx_handler
                0x0000000010005260       0xfc zephyr/drivers/can/libdrivers__can.a(can_max32.c.obj)
                0x0000000010005260                can_max32_rx_handler
 .text.object_event_callback
                0x000000001000535c       0x1c zephyr/drivers/can/libdrivers__can.a(can_max32.c.obj)
                0x000000001000535c                object_event_callback
 .text.api_get_rate
                0x0000000010005378       0x4c zephyr/drivers/clock_control/libdrivers__clock_control.a(clock_control_max32.c.obj)
 .text.uart_console_init
                0x00000000100053c4       0x28 zephyr/drivers/console/libdrivers__console.a(uart_console.c.obj)
 .text.console_out
                0x00000000100053ec       0x28 zephyr/drivers/console/libdrivers__console.a(uart_console.c.obj)
 .text.gpio_max32_init
                0x0000000010005414       0x4c zephyr/drivers/gpio/libdrivers__gpio.a(gpio_max32.c.obj)
 .text.api_configure
                0x0000000010005460       0x40 zephyr/drivers/i2c/libdrivers__i2c.a(i2c_max32.c.obj)
 .text.pinctrl_configure_pins
                0x00000000100054a0       0x98 zephyr/drivers/pinctrl/libdrivers__pinctrl.a(pinctrl_max32.c.obj)
                0x00000000100054a0                pinctrl_configure_pins
 .text.uart_max32_init
                0x0000000010005538      0x100 zephyr/drivers/serial/libdrivers__serial.a(uart_max32.c.obj)
 .text.api_transceive
                0x0000000010005638      0x430 zephyr/drivers/spi/libdrivers__spi.a(spi_max32.c.obj)
 .text.spi_max32_init
                0x0000000010005a68      0x100 zephyr/drivers/spi/libdrivers__spi.a(spi_max32.c.obj)
 .text.elapsed  0x0000000010005b68       0x4c zephyr/drivers/timer/libdrivers__timer.a(cortex_m_systick.c.obj)
 .text.sys_clock_driver_init
                0x0000000010005bb4       0x38 zephyr/drivers/timer/libdrivers__timer.a(cortex_m_systick.c.obj)
 .text.sys_clock_isr
                0x0000000010005bec       0x60 zephyr/drivers/timer/libdrivers__timer.a(cortex_m_systick.c.obj)
                0x0000000010005bec                sys_clock_isr
 .text.sys_clock_set_timeout
                0x0000000010005c4c       0xf8 zephyr/drivers/timer/libdrivers__timer.a(cortex_m_systick.c.obj)
                0x0000000010005c4c                sys_clock_set_timeout
 .text.sys_clock_elapsed
                0x0000000010005d44       0x3c zephyr/drivers/timer/libdrivers__timer.a(cortex_m_systick.c.obj)
                0x0000000010005d44                sys_clock_elapsed
 .text.sys_clock_cycle_get_32
                0x0000000010005d80       0x28 zephyr/drivers/timer/libdrivers__timer.a(cortex_m_systick.c.obj)
                0x0000000010005d80                sys_clock_cycle_get_32
 .text.CO_new   0x0000000010005da8       0x60 modules/canopennode/libmodules__canopennode.a(CANopen.c.obj)
                0x0000000010005da8                CO_new
 .text.CO_CANopenInit
                0x0000000010005e08      0x114 modules/canopennode/libmodules__canopennode.a(CANopen.c.obj)
                0x0000000010005e08                CO_CANopenInit
 .text.CO_CANopenInitPDO
                0x0000000010005f1c       0xe0 modules/canopennode/libmodules__canopennode.a(CANopen.c.obj)
                0x0000000010005f1c                CO_CANopenInitPDO
 .text.CO_EM_init
                0x0000000010005ffc      0x108 modules/canopennode/libmodules__canopennode.a(CO_Emergency.c.obj)
                0x0000000010005ffc                CO_EM_init
 .text.CO_NMT_init
                0x0000000010006104       0xf0 modules/canopennode/libmodules__canopennode.a(CO_NMT_Heartbeat.c.obj)
                0x0000000010006104                CO_NMT_init
 .text.OD_getSub
                0x00000000100061f4       0xe0 modules/canopennode/libmodules__canopennode.a(CO_ODinterface.c.obj)
                0x00000000100061f4                OD_getSub
 .text.OD_getSDOabCode
                0x00000000100062d4       0x18 modules/canopennode/libmodules__canopennode.a(CO_ODinterface.c.obj)
                0x00000000100062d4                OD_getSDOabCode
 .text.PDOconfigMap
                0x00000000100062ec       0xec modules/canopennode/libmodules__canopennode.a(CO_PDO.c.obj)
 .text.OD_write_14xx
                0x00000000100063d8      0x164 modules/canopennode/libmodules__canopennode.a(CO_PDO.c.obj)
 .text.OD_write_18xx
                0x000000001000653c      0x178 modules/canopennode/libmodules__canopennode.a(CO_PDO.c.obj)
 .text.CO_RPDO_init
                0x00000000100066b4      0x1b4 modules/canopennode/libmodules__canopennode.a(CO_PDO.c.obj)
                0x00000000100066b4                CO_RPDO_init
 .text.CO_TPDO_init
                0x0000000010006868      0x1d4 modules/canopennode/libmodules__canopennode.a(CO_PDO.c.obj)
                0x0000000010006868                CO_TPDO_init
 .text.CO_SDOserver_init_canRxTx
                0x0000000010006a3c       0x8c modules/canopennode/libmodules__canopennode.a(CO_SDOserver.c.obj)
 .text.OD_write_1201_additional
                0x0000000010006ac8      0x144 modules/canopennode/libmodules__canopennode.a(CO_SDOserver.c.obj)
 .text.readFromOd.constprop.0
                0x0000000010006c0c      0x104 modules/canopennode/libmodules__canopennode.a(CO_SDOserver.c.obj)
 .text.CO_SDOserver_init
                0x0000000010006d10      0x168 modules/canopennode/libmodules__canopennode.a(CO_SDOserver.c.obj)
                0x0000000010006d10                CO_SDOserver_init
 .text.CO_SDOserver_process
                0x0000000010006e78      0x5cc modules/canopennode/libmodules__canopennode.a(CO_SDOserver.c.obj)
                0x0000000010006e78                CO_SDOserver_process
 .text.OD_write_1005
                0x0000000010007444       0xa4 modules/canopennode/libmodules__canopennode.a(CO_SYNC.c.obj)
 .text.CO_SYNC_init
                0x00000000100074e8      0x124 modules/canopennode/libmodules__canopennode.a(CO_SYNC.c.obj)
                0x00000000100074e8                CO_SYNC_init
 .text.canopen_tx_retry
                0x000000001000760c       0xd8 modules/canopennode/libmodules__canopennode.a(CO_driver.c.obj)
 .text.CO_CANsetConfigurationMode
                0x00000000100076e4       0x48 modules/canopennode/libmodules__canopennode.a(CO_driver.c.obj)
                0x00000000100076e4                CO_CANsetConfigurationMode
 .text.CO_CANsetNormalMode
                0x000000001000772c       0x58 modules/canopennode/libmodules__canopennode.a(CO_driver.c.obj)
                0x000000001000772c                CO_CANsetNormalMode
 .text.CO_CANmodule_init
                0x0000000010007784      0x288 modules/canopennode/libmodules__canopennode.a(CO_driver.c.obj)
                0x0000000010007784                CO_CANmodule_init
 .text.CO_CANmodule_disable
                0x0000000010007a0c       0x9c modules/canopennode/libmodules__canopennode.a(CO_driver.c.obj)
                0x0000000010007a0c                CO_CANmodule_disable
 .text.CO_CANrxBufferInit
                0x0000000010007aa8       0xec modules/canopennode/libmodules__canopennode.a(CO_driver.c.obj)
                0x0000000010007aa8                CO_CANrxBufferInit
 .text.CO_CANtxBufferInit
                0x0000000010007b94       0x64 modules/canopennode/libmodules__canopennode.a(CO_driver.c.obj)
                0x0000000010007b94                CO_CANtxBufferInit
 .text.CO_CANsend
                0x0000000010007bf8      0x104 modules/canopennode/libmodules__canopennode.a(CO_driver.c.obj)
                0x0000000010007bf8                CO_CANsend
 .text.restart_after_busoff
                0x0000000010007cfc       0x48 modules/canopennode/libmodules__canopennode.a(CO_driver.c.obj)
                0x0000000010007cfc                restart_after_busoff
 .text.CO_CANmodule_process
                0x0000000010007d44      0x1ec modules/canopennode/libmodules__canopennode.a(CO_driver.c.obj)
                0x0000000010007d44                CO_CANmodule_process
 .text.canopen_reset_communication
                0x0000000010007f30      0x298 modules/canopennode/libmodules__canopennode.a(canopennode.c.obj)
                0x0000000010007f30                canopen_reset_communication
 .text.canopen_init
                0x00000000100081c8       0x88 modules/canopennode/libmodules__canopennode.a(canopennode.c.obj)
                0x00000000100081c8                canopen_init
 .text.mainline_thread
                0x0000000010008250       0xe8 modules/canopennode/libmodules__canopennode.a(canopennode.c.obj)
 .text.k_sys_fatal_error_handler
                0x0000000010008338       0x3c zephyr/kernel/libkernel.a(fatal.c.obj)
                0x0000000010008338                k_sys_fatal_error_handler
 .text.z_fatal_error
                0x0000000010008374      0x100 zephyr/kernel/libkernel.a(fatal.c.obj)
                0x0000000010008374                z_fatal_error
 .text.z_sys_init_run_level
                0x0000000010008474       0x2c zephyr/kernel/libkernel.a(init.c.obj)
 .text.bg_thread_main
                0x00000000100084a0       0xc4 zephyr/kernel/libkernel.a(init.c.obj)
 .text.z_bss_zero
                0x0000000010008564       0x18 zephyr/kernel/libkernel.a(init.c.obj)
                0x0000000010008564                z_bss_zero
 .text.z_init_cpu
                0x000000001000857c       0x68 zephyr/kernel/libkernel.a(init.c.obj)
                0x000000001000857c                z_init_cpu
 .text.z_cstart
                0x00000000100085e4       0xd0 zephyr/kernel/libkernel.a(init.c.obj)
                0x00000000100085e4                z_cstart
 .text.z_impl_k_mutex_lock
                0x00000000100086b4       0xf0 zephyr/kernel/libkernel.a(mutex.c.obj)
                0x00000000100086b4                z_impl_k_mutex_lock
 .text.z_impl_k_mutex_unlock
                0x00000000100087a4       0xa0 zephyr/kernel/libkernel.a(mutex.c.obj)
                0x00000000100087a4                z_impl_k_mutex_unlock
 .text.z_impl_k_sem_give
                0x0000000010008844       0x68 zephyr/kernel/libkernel.a(sem.c.obj)
                0x0000000010008844                z_impl_k_sem_give
 .text.z_impl_k_sem_take
                0x00000000100088ac       0x4c zephyr/kernel/libkernel.a(sem.c.obj)
                0x00000000100088ac                z_impl_k_sem_take
 .text.work_queue_main
                0x00000000100088f8      0x13c zephyr/kernel/libkernel.a(work.c.obj)
 .text.submit_to_queue_locked
                0x0000000010008a34       0xb0 zephyr/kernel/libkernel.a(work.c.obj)
 .text.k_work_submit
                0x0000000010008ae4        0xc zephyr/kernel/libkernel.a(work.c.obj)
                0x0000000010008ae4                k_work_submit
 .text.k_work_queue_start
                0x0000000010008af0       0x7c zephyr/kernel/libkernel.a(work.c.obj)
                0x0000000010008af0                k_work_queue_start
 .text.z_setup_new_thread
                0x0000000010008b6c       0x70 zephyr/kernel/libkernel.a(thread.c.obj)
                0x0000000010008b6c                z_setup_new_thread
 .text.z_impl_k_thread_create
                0x0000000010008bdc       0x58 zephyr/kernel/libkernel.a(thread.c.obj)
                0x0000000010008bdc                z_impl_k_thread_create
 .text.unready_thread
                0x0000000010008c34       0x54 zephyr/kernel/libkernel.a(sched.c.obj)
 .text.ready_thread
                0x0000000010008c88       0x8c zephyr/kernel/libkernel.a(sched.c.obj)
 .text.z_thread_halt
                0x0000000010008d14      0x108 zephyr/kernel/libkernel.a(sched.c.obj)
 .text.move_thread_to_end_of_prio_q
                0x0000000010008e1c       0x94 zephyr/kernel/libkernel.a(sched.c.obj)
                0x0000000010008e1c                move_thread_to_end_of_prio_q
 .text.z_pend_curr
                0x0000000010008eb0       0x58 zephyr/kernel/libkernel.a(sched.c.obj)
                0x0000000010008eb0                z_pend_curr
 .text.z_thread_prio_set
                0x0000000010008f08       0x9c zephyr/kernel/libkernel.a(sched.c.obj)
                0x0000000010008f08                z_thread_prio_set
 .text.z_reschedule
                0x0000000010008fa4       0x24 zephyr/kernel/libkernel.a(sched.c.obj)
                0x0000000010008fa4                z_reschedule
 .text.z_sched_start
                0x0000000010008fc8       0x3c zephyr/kernel/libkernel.a(sched.c.obj)
                0x0000000010008fc8                z_sched_start
 .text.z_reschedule_irqlock
                0x0000000010009004       0x28 zephyr/kernel/libkernel.a(sched.c.obj)
                0x0000000010009004                z_reschedule_irqlock
 .text.k_sched_lock
                0x000000001000902c       0x28 zephyr/kernel/libkernel.a(sched.c.obj)
                0x000000001000902c                k_sched_lock
 .text.k_sched_unlock
                0x0000000010009054       0x68 zephyr/kernel/libkernel.a(sched.c.obj)
                0x0000000010009054                k_sched_unlock
 .text.z_sched_init
                0x00000000100090bc       0x10 zephyr/kernel/libkernel.a(sched.c.obj)
                0x00000000100090bc                z_sched_init
 .text.z_impl_k_yield
                0x00000000100090cc       0x8c zephyr/kernel/libkernel.a(sched.c.obj)
                0x00000000100090cc                z_impl_k_yield
 .text.z_tick_sleep
                0x0000000010009158       0x88 zephyr/kernel/libkernel.a(sched.c.obj)
 .text.z_impl_k_sleep
                0x00000000100091e0       0x3c zephyr/kernel/libkernel.a(sched.c.obj)
                0x00000000100091e0                z_impl_k_sleep
 .text.z_impl_k_sched_current_thread_query
                0x000000001000921c        0xc zephyr/kernel/libkernel.a(sched.c.obj)
                0x000000001000921c                z_impl_k_sched_current_thread_query
 .text.z_sched_wait
                0x0000000010009228       0x24 zephyr/kernel/libkernel.a(sched.c.obj)
                0x0000000010009228                z_sched_wait
 .text.slice_timeout
                0x000000001000924c       0x20 zephyr/kernel/libkernel.a(timeslicing.c.obj)
 .text.thread_is_sliceable
                0x000000001000926c       0x3c zephyr/kernel/libkernel.a(timeslicing.c.obj)
                0x000000001000926c                thread_is_sliceable
 .text.z_reset_time_slice
                0x00000000100092a8       0x50 zephyr/kernel/libkernel.a(timeslicing.c.obj)
                0x00000000100092a8                z_reset_time_slice
 .text.z_time_slice
                0x00000000100092f8       0x60 zephyr/kernel/libkernel.a(timeslicing.c.obj)
                0x00000000100092f8                z_time_slice
 .text.z_data_copy
                0x0000000010009358       0x38 zephyr/kernel/libkernel.a(xip.c.obj)
                0x0000000010009358                z_data_copy
 .text.elapsed  0x0000000010009390       0x14 zephyr/kernel/libkernel.a(timeout.c.obj)
 .text.remove_timeout
                0x00000000100093a4       0x38 zephyr/kernel/libkernel.a(timeout.c.obj)
 .text.next_timeout
                0x00000000100093dc       0x40 zephyr/kernel/libkernel.a(timeout.c.obj)
 .text.z_add_timeout
                0x000000001000941c       0xf4 zephyr/kernel/libkernel.a(timeout.c.obj)
                0x000000001000941c                z_add_timeout
 .text.sys_clock_announce
                0x0000000010009510       0xd0 zephyr/kernel/libkernel.a(timeout.c.obj)
                0x0000000010009510                sys_clock_announce
 .text.sys_clock_tick_get
                0x00000000100095e0       0x30 zephyr/kernel/libkernel.a(timeout.c.obj)
                0x00000000100095e0                sys_clock_tick_get
 .text.z_timer_expiration_handler
                0x0000000010009610       0xe0 zephyr/kernel/libkernel.a(timer.c.obj)
                0x0000000010009610                z_timer_expiration_handler
 .text.z_impl_k_timer_start
                0x00000000100096f0       0x74 zephyr/kernel/libkernel.a(timer.c.obj)
                0x00000000100096f0                z_impl_k_timer_start
 .text.boot_banner
                0x0000000010009764        0xc zephyr/kernel/libkernel.a(banner.c.obj)
                0x0000000010009764                boot_banner
 .text.statics_init
                0x0000000010009770       0x24 zephyr/kernel/libkernel.a(kheap.c.obj)
 .text.k_sys_work_q_init
                0x0000000010009794       0x34 zephyr/kernel/libkernel.a(system_work_q.c.obj)
 .text.snprintf
                0x00000000100097c8       0x58 /home/ioan/zephyr-sdk-0.17.0/arm-zephyr-eabi/bin/../lib/gcc/../../picolibc/arm-zephyr-eabi/lib/thumb/v7e-m/nofp/libc.a(libc_tinystdio_snprintf.c.o)
                0x00000000100097c8                snprintf
 .text.__l_vfprintf
                0x0000000010009820      0x4b8 /home/ioan/zephyr-sdk-0.17.0/arm-zephyr-eabi/bin/../lib/gcc/../../picolibc/arm-zephyr-eabi/lib/thumb/v7e-m/nofp/libc.a(libc_tinystdio_vflprintf.c.o)
                0x0000000010009820                __l_vfprintf
 .text._OffsetAbsSyms
                0x0000000010009cd8        0x2 zephyr/CMakeFiles/offsets.dir/./arch/arm/core/offsets/offsets.c.obj
                0x0000000010009cd8                _OffsetAbsSyms
 .text.gpio_pin_configure_dt
                0x0000000010009cda       0x3e app/libapp.a(main.c.obj)
 .text.gpio_pin_get_dt
                0x0000000010009d18       0x2a app/libapp.a(main.c.obj)
 .text.sync_callback
                0x0000000010009d42        0x2 app/libapp.a(main.c.obj)
                0x0000000010009d42                sync_callback
 .text.k_msleep.isra.0
                0x0000000010009d44        0xa app/libapp.a(main.c.obj)
 .text.spi_write_dt.isra.0
                0x0000000010009d4e       0x16 app/libapp.a(tmc9660.c.obj)
 .text.spi_read_dt.isra.0
                0x0000000010009d64       0x16 app/libapp.a(tmc9660.c.obj)
 .text.tmc9660_checksum
                0x0000000010009d7a       0x14 app/libapp.a(tmc9660.c.obj)
                0x0000000010009d7a                tmc9660_checksum
 .text.tmc9660_set_param
                0x0000000010009d8e       0x16 app/libapp.a(tmc9660.c.obj)
                0x0000000010009d8e                tmc9660_set_param
 .text.tmc9660_get_param
                0x0000000010009da4       0x16 app/libapp.a(tmc9660.c.obj)
                0x0000000010009da4                tmc9660_get_param
 .text.chunk_size
                0x0000000010009dba        0xa zephyr/libzephyr.a(heap.c.obj)
 .text.free_list_add
                0x0000000010009dc4       0x4e zephyr/libzephyr.a(heap.c.obj)
 .text.sys_heap_init
                0x0000000010009e12       0x7a zephyr/libzephyr.a(heap.c.obj)
                0x0000000010009e12                sys_heap_init
 .text.cbpprintf_external
                0x0000000010009e8c       0x62 zephyr/libzephyr.a(cbprintf_packaged.c.obj)
                0x0000000010009e8c                cbpprintf_external
 .text.is_ptr   0x0000000010009eee       0x4a zephyr/libzephyr.a(cbprintf_packaged.c.obj)
                0x0000000010009eee                is_ptr
 .text.arch_printk_char_out
                0x0000000010009f38        0x4 zephyr/libzephyr.a(printk.c.obj)
                0x0000000010009f38                arch_printk_char_out
 .text.printk   0x0000000010009f3c       0x1a zephyr/libzephyr.a(printk.c.obj)
                0x0000000010009f3c                printk
 .text.free_space
                0x0000000010009f56       0x26 zephyr/libzephyr.a(mpsc_pbuf.c.obj)
 .text.get_usage
                0x0000000010009f7c       0x22 zephyr/libzephyr.a(mpsc_pbuf.c.obj)
 .text.idx_inc  0x0000000010009f9e       0x1c zephyr/libzephyr.a(mpsc_pbuf.c.obj)
 .text.rd_idx_inc
                0x0000000010009fba       0x18 zephyr/libzephyr.a(mpsc_pbuf.c.obj)
 .text.add_skip_item
                0x0000000010009fd2       0x3a zephyr/libzephyr.a(mpsc_pbuf.c.obj)
 .text.drop_item_locked
                0x000000001000a00c       0xee zephyr/libzephyr.a(mpsc_pbuf.c.obj)
 .text.post_drop_action
                0x000000001000a0fa       0x36 zephyr/libzephyr.a(mpsc_pbuf.c.obj)
 .text.max_utilization_update
                0x000000001000a130       0x1a zephyr/libzephyr.a(mpsc_pbuf.c.obj)
 .text.mpsc_pbuf_init
                0x000000001000a14a       0x42 zephyr/libzephyr.a(mpsc_pbuf.c.obj)
                0x000000001000a14a                mpsc_pbuf_init
 .text.mpsc_pbuf_alloc
                0x000000001000a18c       0xf8 zephyr/libzephyr.a(mpsc_pbuf.c.obj)
                0x000000001000a18c                mpsc_pbuf_alloc
 .text.mpsc_pbuf_commit
                0x000000001000a284       0x3e zephyr/libzephyr.a(mpsc_pbuf.c.obj)
                0x000000001000a284                mpsc_pbuf_commit
 .text.mpsc_pbuf_claim
                0x000000001000a2c2       0xa8 zephyr/libzephyr.a(mpsc_pbuf.c.obj)
                0x000000001000a2c2                mpsc_pbuf_claim
 .text.mpsc_pbuf_free
                0x000000001000a36a       0x76 zephyr/libzephyr.a(mpsc_pbuf.c.obj)
                0x000000001000a36a                mpsc_pbuf_free
 .text.mpsc_pbuf_is_pending
                0x000000001000a3e0       0x32 zephyr/libzephyr.a(mpsc_pbuf.c.obj)
                0x000000001000a3e0                mpsc_pbuf_is_pending
 .text._ConfigAbsSyms
                0x000000001000a412        0x2 zephyr/libzephyr.a(configs.c.obj)
                0x000000001000a412                _ConfigAbsSyms
 .text.z_arm_on_enter_cpu_idle
                0x000000001000a414        0x4 zephyr/libzephyr.a(soc.c.obj)
                0x000000001000a414                z_arm_on_enter_cpu_idle
 .text.soc_early_init_hook
                0x000000001000a418        0x4 zephyr/libzephyr.a(soc.c.obj)
                0x000000001000a418                soc_early_init_hook
 .text.log_msg_generic_get_wlen
                0x000000001000a41c       0x20 zephyr/libzephyr.a(log_core.c.obj)
 .text.dummy_timestamp
                0x000000001000a43c        0x4 zephyr/libzephyr.a(log_core.c.obj)
 .text.atomic_inc
                0x000000001000a440       0x1a zephyr/libzephyr.a(log_core.c.obj)
 .text.default_lf_get_timestamp
                0x000000001000a45a       0x10 zephyr/libzephyr.a(log_core.c.obj)
 .text.z_log_vprintk
                0x000000001000a46a       0x1c zephyr/libzephyr.a(log_core.c.obj)
                0x000000001000a46a                z_log_vprintk
 .text.z_log_notify_drop
                0x000000001000a486        0x6 zephyr/libzephyr.a(log_core.c.obj)
 .text.z_log_get_tag
                0x000000001000a48c        0x4 zephyr/libzephyr.a(log_core.c.obj)
                0x000000001000a48c                z_log_get_tag
 .text.z_cbprintf_cpy
                0x000000001000a490       0x2c zephyr/libzephyr.a(log_msg.c.obj)
 .text.z_log_msg_finalize
                0x000000001000a4bc       0x32 zephyr/libzephyr.a(log_msg.c.obj)
                0x000000001000a4bc                z_log_msg_finalize
 .text.log_output_write
                0x000000001000a4ee       0x1c zephyr/libzephyr.a(log_output.c.obj)
 .text.log_output_flush
                0x000000001000a50a       0x1a zephyr/libzephyr.a(log_output.c.obj)
 .text.out_func
                0x000000001000a524       0x36 zephyr/libzephyr.a(log_output.c.obj)
 .text.cr_out_func
                0x000000001000a55a       0x1c zephyr/libzephyr.a(log_output.c.obj)
 .text.log_output_msg_process
                0x000000001000a576       0x6a zephyr/libzephyr.a(log_output.c.obj)
                0x000000001000a576                log_output_msg_process
 .text.format_set
                0x000000001000a5e0        0xc zephyr/libzephyr.a(log_backend_uart.c.obj)
 .text.log_backend_uart_init
                0x000000001000a5ec        0xc zephyr/libzephyr.a(log_backend_uart.c.obj)
 .text.panic    0x000000001000a5f8       0x32 zephyr/libzephyr.a(log_backend_uart.c.obj)
 .text.dropped  0x000000001000a62a        0xa zephyr/libzephyr.a(log_backend_uart.c.obj)
 .text.process  0x000000001000a634       0x1e zephyr/libzephyr.a(log_backend_uart.c.obj)
 .text.max32xx_system_init
                0x000000001000a652        0x2 zephyr/libzephyr.a(max32xxx_system.c.obj)
                0x000000001000a652                max32xx_system_init
 .text.MXC_GetLock
                0x000000001000a654       0x1c zephyr/libzephyr.a(mxc_lock.c.obj)
                0x000000001000a654                MXC_GetLock
 .text.MXC_FreeLock
                0x000000001000a670        0xa zephyr/libzephyr.a(mxc_lock.c.obj)
                0x000000001000a670                MXC_FreeLock
 .text.MXC_SYS_Clock_Timeout
                0x000000001000a67a       0x1c zephyr/libzephyr.a(sys_me12.c.obj)
                0x000000001000a67a                MXC_SYS_Clock_Timeout
 .text.MXC_SYS_SetClockDiv
                0x000000001000a696       0x22 zephyr/libzephyr.a(sys_me12.c.obj)
                0x000000001000a696                MXC_SYS_SetClockDiv
 .text.MXC_SYS_Reset_Periph
                0x000000001000a6b8       0x22 zephyr/libzephyr.a(sys_me12.c.obj)
                0x000000001000a6b8                MXC_SYS_Reset_Periph
 .text.MXC_DMA_ReleaseChannel
                0x000000001000a6da        0x4 zephyr/libzephyr.a(dma_me12.c.obj)
                0x000000001000a6da                MXC_DMA_ReleaseChannel
 .text.MXC_CAN_SignalUnitEvent
                0x000000001000a6de        0xc zephyr/libzephyr.a(can_me12.c.obj)
                0x000000001000a6de                MXC_CAN_SignalUnitEvent
 .text.MXC_CAN_SignalObjectEvent
                0x000000001000a6ea        0xc zephyr/libzephyr.a(can_me12.c.obj)
                0x000000001000a6ea                MXC_CAN_SignalObjectEvent
 .text.getNumBytes
                0x000000001000a6f6       0x3c zephyr/libzephyr.a(can_reva.c.obj)
 .text.MXC_CAN_RevA_EnableInt
                0x000000001000a732       0x18 zephyr/libzephyr.a(can_reva.c.obj)
                0x000000001000a732                MXC_CAN_RevA_EnableInt
 .text.MXC_CAN_RevA_GetFlags
                0x000000001000a74a        0xe zephyr/libzephyr.a(can_reva.c.obj)
                0x000000001000a74a                MXC_CAN_RevA_GetFlags
 .text.MXC_CAN_RevA_ClearFlags
                0x000000001000a758        0xe zephyr/libzephyr.a(can_reva.c.obj)
                0x000000001000a758                MXC_CAN_RevA_ClearFlags
 .text.MXC_CAN_RevA_SetMode
                0x000000001000a766       0x84 zephyr/libzephyr.a(can_reva.c.obj)
                0x000000001000a766                MXC_CAN_RevA_SetMode
 .text.MXC_CAN_RevA_WriteTXFIFO
                0x000000001000a7ea      0x102 zephyr/libzephyr.a(can_reva.c.obj)
                0x000000001000a7ea                MXC_CAN_RevA_WriteTXFIFO
 .text.MXC_UART_Common_WriteCharacter
                0x000000001000a8ec       0x1c zephyr/libzephyr.a(uart_common.c.obj)
                0x000000001000a8ec                MXC_UART_Common_WriteCharacter
 .text.MXC_UART_SetDataSize
                0x000000001000a908        0x4 zephyr/libzephyr.a(uart_me12.c.obj)
                0x000000001000a908                MXC_UART_SetDataSize
 .text.MXC_UART_SetStopBits
                0x000000001000a90c        0x4 zephyr/libzephyr.a(uart_me12.c.obj)
                0x000000001000a90c                MXC_UART_SetStopBits
 .text.MXC_UART_SetParity
                0x000000001000a910        0x4 zephyr/libzephyr.a(uart_me12.c.obj)
                0x000000001000a910                MXC_UART_SetParity
 .text.MXC_UART_GetActive
                0x000000001000a914        0x4 zephyr/libzephyr.a(uart_me12.c.obj)
                0x000000001000a914                MXC_UART_GetActive
 .text.MXC_UART_ReadCharacterRaw
                0x000000001000a918        0x4 zephyr/libzephyr.a(uart_me12.c.obj)
                0x000000001000a918                MXC_UART_ReadCharacterRaw
 .text.MXC_UART_WriteCharacterRaw
                0x000000001000a91c        0x4 zephyr/libzephyr.a(uart_me12.c.obj)
                0x000000001000a91c                MXC_UART_WriteCharacterRaw
 .text.MXC_UART_WriteCharacter
                0x000000001000a920        0x4 zephyr/libzephyr.a(uart_me12.c.obj)
                0x000000001000a920                MXC_UART_WriteCharacter
 .text.MXC_UART_ReadRXFIFO
                0x000000001000a924        0x4 zephyr/libzephyr.a(uart_me12.c.obj)
                0x000000001000a924                MXC_UART_ReadRXFIFO
 .text.MXC_UART_WriteTXFIFO
                0x000000001000a928        0x4 zephyr/libzephyr.a(uart_me12.c.obj)
                0x000000001000a928                MXC_UART_WriteTXFIFO
 .text.MXC_UART_GetTXFIFOAvailable
                0x000000001000a92c        0x4 zephyr/libzephyr.a(uart_me12.c.obj)
                0x000000001000a92c                MXC_UART_GetTXFIFOAvailable
 .text.MXC_UART_SetRXThreshold
                0x000000001000a930        0x4 zephyr/libzephyr.a(uart_me12.c.obj)
                0x000000001000a930                MXC_UART_SetRXThreshold
 .text.MXC_UART_GetFlags
                0x000000001000a934        0x4 zephyr/libzephyr.a(uart_me12.c.obj)
                0x000000001000a934                MXC_UART_GetFlags
 .text.MXC_UART_ClearFlags
                0x000000001000a938        0x4 zephyr/libzephyr.a(uart_me12.c.obj)
                0x000000001000a938                MXC_UART_ClearFlags
 .text.MXC_UART_EnableInt
                0x000000001000a93c        0x4 zephyr/libzephyr.a(uart_me12.c.obj)
                0x000000001000a93c                MXC_UART_EnableInt
 .text.MXC_UART_DisableInt
                0x000000001000a940        0x4 zephyr/libzephyr.a(uart_me12.c.obj)
                0x000000001000a940                MXC_UART_DisableInt
 .text.MXC_UART_GetStatus
                0x000000001000a944        0x4 zephyr/libzephyr.a(uart_me12.c.obj)
                0x000000001000a944                MXC_UART_GetStatus
 .text.MXC_UART_RevB_SetFrequency
                0x000000001000a948       0x1e zephyr/libzephyr.a(uart_revb.c.obj)
                0x000000001000a948                MXC_UART_RevB_SetFrequency
 .text.MXC_UART_RevB_SetDataSize
                0x000000001000a966       0x1c zephyr/libzephyr.a(uart_revb.c.obj)
                0x000000001000a966                MXC_UART_RevB_SetDataSize
 .text.MXC_UART_RevB_SetStopBits
                0x000000001000a982       0x20 zephyr/libzephyr.a(uart_revb.c.obj)
                0x000000001000a982                MXC_UART_RevB_SetStopBits
 .text.MXC_UART_RevB_SetParity
                0x000000001000a9a2       0x70 zephyr/libzephyr.a(uart_revb.c.obj)
                0x000000001000a9a2                MXC_UART_RevB_SetParity
 .text.MXC_UART_RevB_GetActive
                0x000000001000aa12       0x10 zephyr/libzephyr.a(uart_revb.c.obj)
                0x000000001000aa12                MXC_UART_RevB_GetActive
 .text.MXC_UART_RevB_ReadCharacterRaw
                0x000000001000aa22        0xe zephyr/libzephyr.a(uart_revb.c.obj)
                0x000000001000aa22                MXC_UART_RevB_ReadCharacterRaw
 .text.MXC_UART_RevB_WriteCharacterRaw
                0x000000001000aa30       0x12 zephyr/libzephyr.a(uart_revb.c.obj)
                0x000000001000aa30                MXC_UART_RevB_WriteCharacterRaw
 .text.MXC_UART_RevB_ReadRXFIFO
                0x000000001000aa42       0x1a zephyr/libzephyr.a(uart_revb.c.obj)
                0x000000001000aa42                MXC_UART_RevB_ReadRXFIFO
 .text.MXC_UART_RevB_WriteTXFIFO
                0x000000001000aa5c       0x1a zephyr/libzephyr.a(uart_revb.c.obj)
                0x000000001000aa5c                MXC_UART_RevB_WriteTXFIFO
 .text.MXC_UART_RevB_GetTXFIFOAvailable
                0x000000001000aa76        0xc zephyr/libzephyr.a(uart_revb.c.obj)
                0x000000001000aa76                MXC_UART_RevB_GetTXFIFOAvailable
 .text.MXC_UART_RevB_SetRXThreshold
                0x000000001000aa82       0x1a zephyr/libzephyr.a(uart_revb.c.obj)
                0x000000001000aa82                MXC_UART_RevB_SetRXThreshold
 .text.MXC_UART_RevB_GetFlags
                0x000000001000aa9c        0x4 zephyr/libzephyr.a(uart_revb.c.obj)
                0x000000001000aa9c                MXC_UART_RevB_GetFlags
 .text.MXC_UART_RevB_ClearFlags
                0x000000001000aaa0        0x6 zephyr/libzephyr.a(uart_revb.c.obj)
                0x000000001000aaa0                MXC_UART_RevB_ClearFlags
 .text.MXC_UART_RevB_EnableInt
                0x000000001000aaa6        0xa zephyr/libzephyr.a(uart_revb.c.obj)
                0x000000001000aaa6                MXC_UART_RevB_EnableInt
 .text.MXC_UART_RevB_DisableInt
                0x000000001000aab0        0xc zephyr/libzephyr.a(uart_revb.c.obj)
                0x000000001000aab0                MXC_UART_RevB_DisableInt
 .text.MXC_UART_RevB_GetStatus
                0x000000001000aabc        0x4 zephyr/libzephyr.a(uart_revb.c.obj)
                0x000000001000aabc                MXC_UART_RevB_GetStatus
 .text.MXC_GPIO_Init
                0x000000001000aac0       0x1e zephyr/libzephyr.a(gpio_me12.c.obj)
                0x000000001000aac0                MXC_GPIO_Init
 .text.MXC_GPIO_Config
                0x000000001000aade       0x8e zephyr/libzephyr.a(gpio_me12.c.obj)
                0x000000001000aade                MXC_GPIO_Config
 .text.MXC_GPIO_InGet
                0x000000001000ab6c        0x4 zephyr/libzephyr.a(gpio_me12.c.obj)
                0x000000001000ab6c                MXC_GPIO_InGet
 .text.MXC_GPIO_OutSet
                0x000000001000ab70        0x4 zephyr/libzephyr.a(gpio_me12.c.obj)
                0x000000001000ab70                MXC_GPIO_OutSet
 .text.MXC_GPIO_OutClr
                0x000000001000ab74        0x4 zephyr/libzephyr.a(gpio_me12.c.obj)
                0x000000001000ab74                MXC_GPIO_OutClr
 .text.MXC_GPIO_OutPut
                0x000000001000ab78        0x4 zephyr/libzephyr.a(gpio_me12.c.obj)
                0x000000001000ab78                MXC_GPIO_OutPut
 .text.MXC_GPIO_OutToggle
                0x000000001000ab7c        0x4 zephyr/libzephyr.a(gpio_me12.c.obj)
                0x000000001000ab7c                MXC_GPIO_OutToggle
 .text.MXC_GPIO_IntConfig
                0x000000001000ab80        0x4 zephyr/libzephyr.a(gpio_me12.c.obj)
                0x000000001000ab80                MXC_GPIO_IntConfig
 .text.MXC_GPIO_EnableInt
                0x000000001000ab84        0x4 zephyr/libzephyr.a(gpio_me12.c.obj)
                0x000000001000ab84                MXC_GPIO_EnableInt
 .text.MXC_GPIO_DisableInt
                0x000000001000ab88        0x4 zephyr/libzephyr.a(gpio_me12.c.obj)
                0x000000001000ab88                MXC_GPIO_DisableInt
 .text.MXC_GPIO_ClearFlags
                0x000000001000ab8c        0x4 zephyr/libzephyr.a(gpio_me12.c.obj)
                0x000000001000ab8c                MXC_GPIO_ClearFlags
 .text.MXC_GPIO_GetFlags
                0x000000001000ab90        0x4 zephyr/libzephyr.a(gpio_me12.c.obj)
                0x000000001000ab90                MXC_GPIO_GetFlags
 .text.MXC_GPIO_GetConfigLock
                0x000000001000ab94        0x4 zephyr/libzephyr.a(gpio_me12.c.obj)
                0x000000001000ab94                MXC_GPIO_GetConfigLock
 .text.MXC_GPIO_RevA_InGet
                0x000000001000ab98        0x6 zephyr/libzephyr.a(gpio_reva.c.obj)
                0x000000001000ab98                MXC_GPIO_RevA_InGet
 .text.MXC_GPIO_RevA_OutSet
                0x000000001000ab9e        0x4 zephyr/libzephyr.a(gpio_reva.c.obj)
                0x000000001000ab9e                MXC_GPIO_RevA_OutSet
 .text.MXC_GPIO_RevA_OutClr
                0x000000001000aba2        0x4 zephyr/libzephyr.a(gpio_reva.c.obj)
                0x000000001000aba2                MXC_GPIO_RevA_OutClr
 .text.MXC_GPIO_RevA_OutPut
                0x000000001000aba6        0xc zephyr/libzephyr.a(gpio_reva.c.obj)
                0x000000001000aba6                MXC_GPIO_RevA_OutPut
 .text.MXC_GPIO_RevA_OutToggle
                0x000000001000abb2        0x8 zephyr/libzephyr.a(gpio_reva.c.obj)
                0x000000001000abb2                MXC_GPIO_RevA_OutToggle
 .text.MXC_GPIO_RevA_IntConfig
                0x000000001000abba       0x6c zephyr/libzephyr.a(gpio_reva.c.obj)
                0x000000001000abba                MXC_GPIO_RevA_IntConfig
 .text.MXC_GPIO_RevA_EnableInt
                0x000000001000ac26        0x4 zephyr/libzephyr.a(gpio_reva.c.obj)
                0x000000001000ac26                MXC_GPIO_RevA_EnableInt
 .text.MXC_GPIO_RevA_DisableInt
                0x000000001000ac2a        0x4 zephyr/libzephyr.a(gpio_reva.c.obj)
                0x000000001000ac2a                MXC_GPIO_RevA_DisableInt
 .text.MXC_GPIO_RevA_ClearFlags
                0x000000001000ac2e        0x4 zephyr/libzephyr.a(gpio_reva.c.obj)
                0x000000001000ac2e                MXC_GPIO_RevA_ClearFlags
 .text.MXC_GPIO_RevA_GetFlags
                0x000000001000ac32        0x4 zephyr/libzephyr.a(gpio_reva.c.obj)
                0x000000001000ac32                MXC_GPIO_RevA_GetFlags
 .text.MXC_GPIO_RevA_SetVSSEL
                0x000000001000ac36       0x34 zephyr/libzephyr.a(gpio_reva.c.obj)
                0x000000001000ac36                MXC_GPIO_RevA_SetVSSEL
 .text.MXC_GPIO_RevA_SetAF
                0x000000001000ac6a       0x6e zephyr/libzephyr.a(gpio_reva.c.obj)
                0x000000001000ac6a                MXC_GPIO_RevA_SetAF
 .text.MXC_GPIO_RevA_SetDriveStrength
                0x000000001000acd8       0x5c zephyr/libzephyr.a(gpio_reva.c.obj)
                0x000000001000acd8                MXC_GPIO_RevA_SetDriveStrength
 .text.MXC_SPI_SetFrequency
                0x000000001000ad34        0x4 zephyr/libzephyr.a(spi_me12.c.obj)
                0x000000001000ad34                MXC_SPI_SetFrequency
 .text.MXC_SPI_SetDataSize
                0x000000001000ad38        0x4 zephyr/libzephyr.a(spi_me12.c.obj)
                0x000000001000ad38                MXC_SPI_SetDataSize
 .text.MXC_SPI_GetDataSize
                0x000000001000ad3c        0x4 zephyr/libzephyr.a(spi_me12.c.obj)
                0x000000001000ad3c                MXC_SPI_GetDataSize
 .text.MXC_SPI_SetSlave
                0x000000001000ad40        0x4 zephyr/libzephyr.a(spi_me12.c.obj)
                0x000000001000ad40                MXC_SPI_SetSlave
 .text.MXC_SPI_SetMode
                0x000000001000ad44        0x4 zephyr/libzephyr.a(spi_me12.c.obj)
                0x000000001000ad44                MXC_SPI_SetMode
 .text.MXC_SPI_ReadRXFIFO
                0x000000001000ad48        0x4 zephyr/libzephyr.a(spi_me12.c.obj)
                0x000000001000ad48                MXC_SPI_ReadRXFIFO
 .text.MXC_SPI_GetRXFIFOAvailable
                0x000000001000ad4c        0x4 zephyr/libzephyr.a(spi_me12.c.obj)
                0x000000001000ad4c                MXC_SPI_GetRXFIFOAvailable
 .text.MXC_SPI_WriteTXFIFO
                0x000000001000ad50        0x4 zephyr/libzephyr.a(spi_me12.c.obj)
                0x000000001000ad50                MXC_SPI_WriteTXFIFO
 .text.MXC_SPI_GetTXFIFOAvailable
                0x000000001000ad54        0x4 zephyr/libzephyr.a(spi_me12.c.obj)
                0x000000001000ad54                MXC_SPI_GetTXFIFOAvailable
 .text.MXC_SPI_ClearRXFIFO
                0x000000001000ad58        0x4 zephyr/libzephyr.a(spi_me12.c.obj)
                0x000000001000ad58                MXC_SPI_ClearRXFIFO
 .text.MXC_SPI_ClearTXFIFO
                0x000000001000ad5c        0x4 zephyr/libzephyr.a(spi_me12.c.obj)
                0x000000001000ad5c                MXC_SPI_ClearTXFIFO
 .text.MXC_SPI_GetFlags
                0x000000001000ad60        0x4 zephyr/libzephyr.a(spi_me12.c.obj)
                0x000000001000ad60                MXC_SPI_GetFlags
 .text.MXC_SPI_ClearFlags
                0x000000001000ad64        0x4 zephyr/libzephyr.a(spi_me12.c.obj)
                0x000000001000ad64                MXC_SPI_ClearFlags
 .text.MXC_SPI_HWSSControl
                0x000000001000ad68        0x4 zephyr/libzephyr.a(spi_me12.c.obj)
                0x000000001000ad68                MXC_SPI_HWSSControl
 .text.MXC_SPI_RevA1_GetDataSize
                0x000000001000ad6c       0x12 zephyr/libzephyr.a(spi_reva1.c.obj)
                0x000000001000ad6c                MXC_SPI_RevA1_GetDataSize
 .text.MXC_SPI_RevA1_SetMode
                0x000000001000ad7e       0x40 zephyr/libzephyr.a(spi_reva1.c.obj)
                0x000000001000ad7e                MXC_SPI_RevA1_SetMode
 .text.MXC_SPI_RevA1_ReadRXFIFO
                0x000000001000adbe       0x68 zephyr/libzephyr.a(spi_reva1.c.obj)
                0x000000001000adbe                MXC_SPI_RevA1_ReadRXFIFO
 .text.MXC_SPI_RevA1_GetRXFIFOAvailable
                0x000000001000ae26        0x8 zephyr/libzephyr.a(spi_reva1.c.obj)
                0x000000001000ae26                MXC_SPI_RevA1_GetRXFIFOAvailable
 .text.MXC_SPI_RevA1_WriteTXFIFO
                0x000000001000ae2e       0x5e zephyr/libzephyr.a(spi_reva1.c.obj)
                0x000000001000ae2e                MXC_SPI_RevA1_WriteTXFIFO
 .text.MXC_SPI_RevA1_GetTXFIFOAvailable
                0x000000001000ae8c        0xc zephyr/libzephyr.a(spi_reva1.c.obj)
                0x000000001000ae8c                MXC_SPI_RevA1_GetTXFIFOAvailable
 .text.MXC_SPI_RevA1_ClearRXFIFO
                0x000000001000ae98        0xa zephyr/libzephyr.a(spi_reva1.c.obj)
                0x000000001000ae98                MXC_SPI_RevA1_ClearRXFIFO
 .text.MXC_SPI_RevA1_ClearTXFIFO
                0x000000001000aea2        0xa zephyr/libzephyr.a(spi_reva1.c.obj)
                0x000000001000aea2                MXC_SPI_RevA1_ClearTXFIFO
 .text.MXC_SPI_RevA1_GetFlags
                0x000000001000aeac        0x4 zephyr/libzephyr.a(spi_reva1.c.obj)
                0x000000001000aeac                MXC_SPI_RevA1_GetFlags
 .text.MXC_SPI_RevA1_ClearFlags
                0x000000001000aeb0        0x6 zephyr/libzephyr.a(spi_reva1.c.obj)
                0x000000001000aeb0                MXC_SPI_RevA1_ClearFlags
 .text.MXC_I2C_Init
                0x000000001000aeb6        0xc zephyr/libzephyr.a(i2c_me12.c.obj)
                0x000000001000aeb6                MXC_I2C_Init
 .text.MXC_I2C_SetSlaveAddr
                0x000000001000aec2        0x4 zephyr/libzephyr.a(i2c_me12.c.obj)
                0x000000001000aec2                MXC_I2C_SetSlaveAddr
 .text.MXC_I2C_SetFrequency
                0x000000001000aec6        0x4 zephyr/libzephyr.a(i2c_me12.c.obj)
                0x000000001000aec6                MXC_I2C_SetFrequency
 .text.MXC_I2C_GetFrequency
                0x000000001000aeca        0x4 zephyr/libzephyr.a(i2c_me12.c.obj)
                0x000000001000aeca                MXC_I2C_GetFrequency
 .text.MXC_I2C_Start
                0x000000001000aece        0x4 zephyr/libzephyr.a(i2c_me12.c.obj)
                0x000000001000aece                MXC_I2C_Start
 .text.MXC_I2C_Stop
                0x000000001000aed2        0x4 zephyr/libzephyr.a(i2c_me12.c.obj)
                0x000000001000aed2                MXC_I2C_Stop
 .text.MXC_I2C_ReadRXFIFO
                0x000000001000aed6        0x4 zephyr/libzephyr.a(i2c_me12.c.obj)
                0x000000001000aed6                MXC_I2C_ReadRXFIFO
 .text.MXC_I2C_WriteTXFIFO
                0x000000001000aeda        0x4 zephyr/libzephyr.a(i2c_me12.c.obj)
                0x000000001000aeda                MXC_I2C_WriteTXFIFO
 .text.MXC_I2C_ClearRXFIFO
                0x000000001000aede        0x4 zephyr/libzephyr.a(i2c_me12.c.obj)
                0x000000001000aede                MXC_I2C_ClearRXFIFO
 .text.MXC_I2C_ClearTXFIFO
                0x000000001000aee2        0x4 zephyr/libzephyr.a(i2c_me12.c.obj)
                0x000000001000aee2                MXC_I2C_ClearTXFIFO
 .text.MXC_I2C_GetFlags
                0x000000001000aee6        0x4 zephyr/libzephyr.a(i2c_me12.c.obj)
                0x000000001000aee6                MXC_I2C_GetFlags
 .text.MXC_I2C_ClearFlags
                0x000000001000aeea        0x4 zephyr/libzephyr.a(i2c_me12.c.obj)
                0x000000001000aeea                MXC_I2C_ClearFlags
 .text.MXC_I2C_EnableInt
                0x000000001000aeee        0x4 zephyr/libzephyr.a(i2c_me12.c.obj)
                0x000000001000aeee                MXC_I2C_EnableInt
 .text.MXC_I2C_DisableInt
                0x000000001000aef2        0x4 zephyr/libzephyr.a(i2c_me12.c.obj)
                0x000000001000aef2                MXC_I2C_DisableInt
 .text.MXC_I2C_Recover
                0x000000001000aef6        0x4 zephyr/libzephyr.a(i2c_me12.c.obj)
                0x000000001000aef6                MXC_I2C_Recover
 .text.MXC_I2C_SetRXThreshold
                0x000000001000aefa        0x4 zephyr/libzephyr.a(i2c_me12.c.obj)
                0x000000001000aefa                MXC_I2C_SetRXThreshold
 .text.MXC_I2C_SetTXThreshold
                0x000000001000aefe        0x4 zephyr/libzephyr.a(i2c_me12.c.obj)
                0x000000001000aefe                MXC_I2C_SetTXThreshold
 .text.MXC_I2C_RevA_SetSlaveAddr
                0x000000001000af02       0x3a zephyr/libzephyr.a(i2c_reva.c.obj)
                0x000000001000af02                MXC_I2C_RevA_SetSlaveAddr
 .text.MXC_I2C_RevA_Start
                0x000000001000af3c       0x22 zephyr/libzephyr.a(i2c_reva.c.obj)
                0x000000001000af3c                MXC_I2C_RevA_Start
 .text.MXC_I2C_RevA_Stop
                0x000000001000af5e       0x1c zephyr/libzephyr.a(i2c_reva.c.obj)
                0x000000001000af5e                MXC_I2C_RevA_Stop
 .text.MXC_I2C_RevA_ReadRXFIFO
                0x000000001000af7a       0x26 zephyr/libzephyr.a(i2c_reva.c.obj)
                0x000000001000af7a                MXC_I2C_RevA_ReadRXFIFO
 .text.MXC_I2C_RevA_WriteTXFIFO
                0x000000001000afa0       0x26 zephyr/libzephyr.a(i2c_reva.c.obj)
                0x000000001000afa0                MXC_I2C_RevA_WriteTXFIFO
 .text.MXC_I2C_RevA_ClearRXFIFO
                0x000000001000afc6       0x10 zephyr/libzephyr.a(i2c_reva.c.obj)
                0x000000001000afc6                MXC_I2C_RevA_ClearRXFIFO
 .text.MXC_I2C_RevA_ClearTXFIFO
                0x000000001000afd6       0x10 zephyr/libzephyr.a(i2c_reva.c.obj)
                0x000000001000afd6                MXC_I2C_RevA_ClearTXFIFO
 .text.MXC_I2C_RevA_GetFlags
                0x000000001000afe6       0x1e zephyr/libzephyr.a(i2c_reva.c.obj)
                0x000000001000afe6                MXC_I2C_RevA_GetFlags
 .text.MXC_I2C_RevA_ClearFlags
                0x000000001000b004        0x6 zephyr/libzephyr.a(i2c_reva.c.obj)
                0x000000001000b004                MXC_I2C_RevA_ClearFlags
 .text.MXC_I2C_RevA_EnableInt
                0x000000001000b00a        0xe zephyr/libzephyr.a(i2c_reva.c.obj)
                0x000000001000b00a                MXC_I2C_RevA_EnableInt
 .text.MXC_I2C_RevA_DisableInt
                0x000000001000b018       0x12 zephyr/libzephyr.a(i2c_reva.c.obj)
                0x000000001000b018                MXC_I2C_RevA_DisableInt
 .text.MXC_I2C_RevA_Recover
                0x000000001000b02a       0xc6 zephyr/libzephyr.a(i2c_reva.c.obj)
                0x000000001000b02a                MXC_I2C_RevA_Recover
 .text.MXC_I2C_RevA_SetRXThreshold
                0x000000001000b0f0       0x1e zephyr/libzephyr.a(i2c_reva.c.obj)
                0x000000001000b0f0                MXC_I2C_RevA_SetRXThreshold
 .text.MXC_I2C_RevA_SetTXThreshold
                0x000000001000b10e       0x20 zephyr/libzephyr.a(i2c_reva.c.obj)
                0x000000001000b10e                MXC_I2C_RevA_SetTXThreshold
 .text.z_do_kernel_oops
                0x000000001000b12e        0x8 zephyr/arch/arch/arm/core/libarch__arm__core.a(fatal.c.obj)
                0x000000001000b12e                z_do_kernel_oops
 .text.z_arm_nmi
                0x000000001000b136        0xe zephyr/arch/arch/arm/core/libarch__arm__core.a(nmi.c.obj)
                0x000000001000b136                z_arm_nmi
 .text.z_irq_spurious
                0x000000001000b144        0x8 zephyr/arch/arch/arm/core/cortex_m/libarch__arm__core__cortex_m.a(irq_manage.c.obj)
                0x000000001000b144                z_irq_spurious
 .text.arch_irq_unlock_outlined
                0x000000001000b14c        0xe zephyr/arch/arch/arm/core/cortex_m/libarch__arm__core__cortex_m.a(thread.c.obj)
                0x000000001000b14c                arch_irq_unlock_outlined
 .text.arch_cpu_idle
                0x000000001000b15a       0x22 zephyr/arch/arch/arm/core/cortex_m/libarch__arm__core__cortex_m.a(cpu_idle.c.obj)
                0x000000001000b15a                arch_cpu_idle
 .text.cbputc   0x000000001000b17c        0xc zephyr/lib/libc/picolibc/liblib__libc__picolibc.a(libc-hooks.c.obj)
 .text.picolibc_put
                0x000000001000b188        0xa zephyr/lib/libc/picolibc/liblib__libc__picolibc.a(libc-hooks.c.obj)
 .text.can_tx_default_cb
                0x000000001000b192        0x8 zephyr/drivers/can/libdrivers__can.a(can_common.c.obj)
 .text.z_impl_can_set_timing
                0x000000001000b19a       0x6c zephyr/drivers/can/libdrivers__can.a(can_common.c.obj)
                0x000000001000b19a                z_impl_can_set_timing
 .text.can_max32_get_capabilities
                0x000000001000b206        0x8 zephyr/drivers/can/libdrivers__can.a(can_max32.c.obj)
 .text.can_max32_get_state
                0x000000001000b20e       0x1c zephyr/drivers/can/libdrivers__can.a(can_max32.c.obj)
 .text.can_max32_set_state_change_callback
                0x000000001000b22a       0x20 zephyr/drivers/can/libdrivers__can.a(can_max32.c.obj)
 .text.can_max32_get_max_filters
                0x000000001000b24a        0x4 zephyr/drivers/can/libdrivers__can.a(can_max32.c.obj)
 .text.can_max32_get_core_clock
                0x000000001000b24e       0x12 zephyr/drivers/can/libdrivers__can.a(can_max32.c.obj)
 .text.can_max32_irq_config_func_0
                0x000000001000b260       0x16 zephyr/drivers/can/libdrivers__can.a(can_max32.c.obj)
 .text.can_max32_isr
                0x000000001000b276        0x8 zephyr/drivers/can/libdrivers__can.a(can_max32.c.obj)
 .text.k_mutex_lock.constprop.0.isra.0
                0x000000001000b27e        0x4 zephyr/drivers/can/libdrivers__can.a(can_max32.c.obj)
 .text.k_mutex_unlock.isra.0
                0x000000001000b282        0x4 zephyr/drivers/can/libdrivers__can.a(can_max32.c.obj)
 .text.can_max32_tx_handler
                0x000000001000b286       0x1e zephyr/drivers/can/libdrivers__can.a(can_max32.c.obj)
                0x000000001000b286                can_max32_tx_handler
 .text.api_off  0x000000001000b2a4       0x2c zephyr/drivers/clock_control/libdrivers__clock_control.a(clock_control_max32.c.obj)
 .text.api_on   0x000000001000b2d0       0x2c zephyr/drivers/clock_control/libdrivers__clock_control.a(clock_control_max32.c.obj)
 .text.max32_clkctrl_init
                0x000000001000b2fc       0x1e zephyr/drivers/clock_control/libdrivers__clock_control.a(clock_control_max32.c.obj)
 .text.api_manage_callback
                0x000000001000b31a       0x52 zephyr/drivers/gpio/libdrivers__gpio.a(gpio_max32.c.obj)
 .text.api_pin_interrupt_configure
                0x000000001000b36c       0x8e zephyr/drivers/gpio/libdrivers__gpio.a(gpio_max32.c.obj)
 .text.api_port_toggle_bits
                0x000000001000b3fa        0xe zephyr/drivers/gpio/libdrivers__gpio.a(gpio_max32.c.obj)
 .text.api_port_clear_bits_raw
                0x000000001000b408        0xe zephyr/drivers/gpio/libdrivers__gpio.a(gpio_max32.c.obj)
 .text.api_port_set_bits_raw
                0x000000001000b416        0xe zephyr/drivers/gpio/libdrivers__gpio.a(gpio_max32.c.obj)
 .text.api_port_set_masked_raw
                0x000000001000b424        0xe zephyr/drivers/gpio/libdrivers__gpio.a(gpio_max32.c.obj)
 .text.api_port_get_raw
                0x000000001000b432       0x16 zephyr/drivers/gpio/libdrivers__gpio.a(gpio_max32.c.obj)
 .text.api_pin_configure
                0x000000001000b448       0xb2 zephyr/drivers/gpio/libdrivers__gpio.a(gpio_max32.c.obj)
 .text.gpio_max32_irq_init_0
                0x000000001000b4fa       0x16 zephyr/drivers/gpio/libdrivers__gpio.a(gpio_max32.c.obj)
 .text.gpio_max32_isr
                0x000000001000b510       0x3c zephyr/drivers/gpio/libdrivers__gpio.a(gpio_max32.c.obj)
 .text.api_recover_bus
                0x000000001000b54c        0xa zephyr/drivers/i2c/libdrivers__i2c.a(i2c_max32.c.obj)
 .text.i2c_max32_irq_config_func_0
                0x000000001000b556        0xa zephyr/drivers/i2c/libdrivers__i2c.a(i2c_max32.c.obj)
 .text.api_transfer
                0x000000001000b560      0x172 zephyr/drivers/i2c/libdrivers__i2c.a(i2c_max32.c.obj)
 .text.i2c_max32_init
                0x000000001000b6d2       0x96 zephyr/drivers/i2c/libdrivers__i2c.a(i2c_max32.c.obj)
 .text.i2c_max32_isr
                0x000000001000b768      0x182 zephyr/drivers/i2c/libdrivers__i2c.a(i2c_max32.c.obj)
 .text.pinctrl_lookup_state
                0x000000001000b8ea       0x26 zephyr/drivers/pinctrl/libdrivers__pinctrl.a(common.c.obj)
                0x000000001000b8ea                pinctrl_lookup_state
 .text.api_config_get
                0x000000001000b910       0x10 zephyr/drivers/serial/libdrivers__serial.a(uart_max32.c.obj)
 .text.api_irq_tx_ready
                0x000000001000b920       0x1c zephyr/drivers/serial/libdrivers__serial.a(uart_max32.c.obj)
 .text.api_irq_rx_ready
                0x000000001000b93c       0x1c zephyr/drivers/serial/libdrivers__serial.a(uart_max32.c.obj)
 .text.api_irq_is_pending
                0x000000001000b958        0xa zephyr/drivers/serial/libdrivers__serial.a(uart_max32.c.obj)
 .text.api_irq_callback_set
                0x000000001000b962        0x8 zephyr/drivers/serial/libdrivers__serial.a(uart_max32.c.obj)
 .text.api_err_check
                0x000000001000b96a       0x24 zephyr/drivers/serial/libdrivers__serial.a(uart_max32.c.obj)
 .text.api_irq_update
                0x000000001000b98e       0x22 zephyr/drivers/serial/libdrivers__serial.a(uart_max32.c.obj)
 .text.uart_max32_isr
                0x000000001000b9b0       0x26 zephyr/drivers/serial/libdrivers__serial.a(uart_max32.c.obj)
 .text.api_irq_err_disable
                0x000000001000b9d6        0xa zephyr/drivers/serial/libdrivers__serial.a(uart_max32.c.obj)
 .text.api_irq_rx_disable
                0x000000001000b9e0        0xa zephyr/drivers/serial/libdrivers__serial.a(uart_max32.c.obj)
 .text.api_irq_tx_disable
                0x000000001000b9ea        0xa zephyr/drivers/serial/libdrivers__serial.a(uart_max32.c.obj)
 .text.api_irq_err_enable
                0x000000001000b9f4        0xa zephyr/drivers/serial/libdrivers__serial.a(uart_max32.c.obj)
 .text.api_irq_rx_enable
                0x000000001000b9fe        0xa zephyr/drivers/serial/libdrivers__serial.a(uart_max32.c.obj)
 .text.api_irq_tx_enable
                0x000000001000ba08       0x2c zephyr/drivers/serial/libdrivers__serial.a(uart_max32.c.obj)
 .text.api_irq_tx_complete
                0x000000001000ba34       0x12 zephyr/drivers/serial/libdrivers__serial.a(uart_max32.c.obj)
 .text.api_fifo_read
                0x000000001000ba46       0x1a zephyr/drivers/serial/libdrivers__serial.a(uart_max32.c.obj)
 .text.api_fifo_fill
                0x000000001000ba60        0x8 zephyr/drivers/serial/libdrivers__serial.a(uart_max32.c.obj)
 .text.api_configure
                0x000000001000ba68       0xae zephyr/drivers/serial/libdrivers__serial.a(uart_max32.c.obj)
 .text.api_poll_out
                0x000000001000bb16        0x8 zephyr/drivers/serial/libdrivers__serial.a(uart_max32.c.obj)
 .text.api_poll_in
                0x000000001000bb1e       0x1a zephyr/drivers/serial/libdrivers__serial.a(uart_max32.c.obj)
 .text.uart_max32_irq_init_0
                0x000000001000bb38       0x16 zephyr/drivers/serial/libdrivers__serial.a(uart_max32.c.obj)
 .text.spi_context_get_next_buf.constprop.0
                0x000000001000bb4e       0x26 zephyr/drivers/spi/libdrivers__spi.a(spi_max32.c.obj)
 .text.gpio_pin_set_dt.isra.0
                0x000000001000bb74       0x28 zephyr/drivers/spi/libdrivers__spi.a(spi_max32.c.obj)
 .text.spi_context_unlock_unconditionally
                0x000000001000bb9c       0x30 zephyr/drivers/spi/libdrivers__spi.a(spi_max32.c.obj)
 .text.api_release
                0x000000001000bbcc       0x18 zephyr/drivers/spi/libdrivers__spi.a(spi_max32.c.obj)
 .text.sys_clock_disable
                0x000000001000bbe4        0xe zephyr/drivers/timer/libdrivers__timer.a(cortex_m_systick.c.obj)
                0x000000001000bbe4                sys_clock_disable
 .text.CO_CANinit
                0x000000001000bbf2       0x3c modules/canopennode/libmodules__canopennode.a(CANopen.c.obj)
                0x000000001000bbf2                CO_CANinit
 .text.CO_process
                0x000000001000bc2e       0xf4 modules/canopennode/libmodules__canopennode.a(CANopen.c.obj)
                0x000000001000bc2e                CO_process
 .text.CO_process_SYNC
                0x000000001000bd22       0x3e modules/canopennode/libmodules__canopennode.a(CANopen.c.obj)
                0x000000001000bd22                CO_process_SYNC
 .text.CO_process_RPDO
                0x000000001000bd60       0x32 modules/canopennode/libmodules__canopennode.a(CANopen.c.obj)
                0x000000001000bd60                CO_process_RPDO
 .text.CO_process_TPDO
                0x000000001000bd92       0x32 modules/canopennode/libmodules__canopennode.a(CANopen.c.obj)
                0x000000001000bd92                CO_process_TPDO
 .text.OD_read_1003
                0x000000001000bdc4       0x56 modules/canopennode/libmodules__canopennode.a(CO_Emergency.c.obj)
 .text.OD_write_1003
                0x000000001000be1a       0x28 modules/canopennode/libmodules__canopennode.a(CO_Emergency.c.obj)
 .text.OD_read_1014_default
                0x000000001000be42       0x32 modules/canopennode/libmodules__canopennode.a(CO_Emergency.c.obj)
 .text.CO_error
                0x000000001000be74       0xc0 modules/canopennode/libmodules__canopennode.a(CO_Emergency.c.obj)
                0x000000001000be74                CO_error
 .text.CO_EM_process
                0x000000001000bf34      0x168 modules/canopennode/libmodules__canopennode.a(CO_Emergency.c.obj)
                0x000000001000bf34                CO_EM_process
 .text.CO_NMT_receive
                0x000000001000c09c       0x16 modules/canopennode/libmodules__canopennode.a(CO_NMT_Heartbeat.c.obj)
 .text.OD_write_1017
                0x000000001000c0b2       0x30 modules/canopennode/libmodules__canopennode.a(CO_NMT_Heartbeat.c.obj)
 .text.CO_NMT_process
                0x000000001000c0e2      0x130 modules/canopennode/libmodules__canopennode.a(CO_NMT_Heartbeat.c.obj)
                0x000000001000c0e2                CO_NMT_process
 .text.OD_readDisabled
                0x000000001000c212        0x4 modules/canopennode/libmodules__canopennode.a(CO_ODinterface.c.obj)
 .text.OD_readOriginal
                0x000000001000c216       0x4e modules/canopennode/libmodules__canopennode.a(CO_ODinterface.c.obj)
                0x000000001000c216                OD_readOriginal
 .text.OD_writeOriginal
                0x000000001000c264       0x56 modules/canopennode/libmodules__canopennode.a(CO_ODinterface.c.obj)
                0x000000001000c264                OD_writeOriginal
 .text.OD_writeDisabled
                0x000000001000c2ba        0x4 modules/canopennode/libmodules__canopennode.a(CO_ODinterface.c.obj)
 .text.OD_find  0x000000001000c2be       0x60 modules/canopennode/libmodules__canopennode.a(CO_ODinterface.c.obj)
                0x000000001000c2be                OD_find
 .text.OD_get_value
                0x000000001000c31e       0x36 modules/canopennode/libmodules__canopennode.a(CO_ODinterface.c.obj)
                0x000000001000c31e                OD_get_value
 .text.OD_set_value
                0x000000001000c354       0x30 modules/canopennode/libmodules__canopennode.a(CO_ODinterface.c.obj)
                0x000000001000c354                OD_set_value
 .text.OD_getPtr
                0x000000001000c384       0x46 modules/canopennode/libmodules__canopennode.a(CO_ODinterface.c.obj)
                0x000000001000c384                OD_getPtr
 .text.OD_write_dummy
                0x000000001000c3ca        0x8 modules/canopennode/libmodules__canopennode.a(CO_PDO.c.obj)
 .text.OD_write_PDO_mapping
                0x000000001000c3d2       0xa2 modules/canopennode/libmodules__canopennode.a(CO_PDO.c.obj)
 .text.CO_PDO_receive
                0x000000001000c474       0x5e modules/canopennode/libmodules__canopennode.a(CO_PDO.c.obj)
 .text.PDO_initMapping.constprop.0
                0x000000001000c4d2       0xee modules/canopennode/libmodules__canopennode.a(CO_PDO.c.obj)
 .text.OD_read_PDO_commParam
                0x000000001000c5c0       0x40 modules/canopennode/libmodules__canopennode.a(CO_PDO.c.obj)
 .text.OD_read_dummy
                0x000000001000c600       0x2a modules/canopennode/libmodules__canopennode.a(CO_PDO.c.obj)
 .text.CO_TPDOsend.isra.0
                0x000000001000c62a       0xa6 modules/canopennode/libmodules__canopennode.a(CO_PDO.c.obj)
 .text.CO_RPDO_process
                0x000000001000c6d0       0xea modules/canopennode/libmodules__canopennode.a(CO_PDO.c.obj)
                0x000000001000c6d0                CO_RPDO_process
 .text.CO_TPDO_process
                0x000000001000c7ba       0xb8 modules/canopennode/libmodules__canopennode.a(CO_PDO.c.obj)
                0x000000001000c7ba                CO_TPDO_process
 .text.CO_SDO_receive
                0x000000001000c872       0x24 modules/canopennode/libmodules__canopennode.a(CO_SDOserver.c.obj)
 .text.CO_SYNC_receive
                0x000000001000c896       0x2c modules/canopennode/libmodules__canopennode.a(CO_SYNC.c.obj)
 .text.CO_SYNC_process
                0x000000001000c8c2       0xb0 modules/canopennode/libmodules__canopennode.a(CO_SYNC.c.obj)
                0x000000001000c8c2                CO_SYNC_process
 .text.CO_LEDs_init
                0x000000001000c972       0x14 modules/canopennode/libmodules__canopennode.a(CO_LEDs.c.obj)
                0x000000001000c972                CO_LEDs_init
 .text.CO_LEDs_process
                0x000000001000c986      0x22e modules/canopennode/libmodules__canopennode.a(CO_LEDs.c.obj)
                0x000000001000c986                CO_LEDs_process
 .text.can_remove_rx_filter
                0x000000001000cbb4        0x6 modules/canopennode/libmodules__canopennode.a(CO_driver.c.obj)
 .text.canopen_rx_callback
                0x000000001000cbba       0x56 modules/canopennode/libmodules__canopennode.a(CO_driver.c.obj)
 .text.canopen_tx_callback
                0x000000001000cc10       0x16 modules/canopennode/libmodules__canopennode.a(CO_driver.c.obj)
 .text.k_mutex_unlock.isra.0
                0x000000001000cc26        0x4 modules/canopennode/libmodules__canopennode.a(CO_driver.c.obj)
 .text.CO_CANclearPendingSyncPDOs
                0x000000001000cc2a       0x5a modules/canopennode/libmodules__canopennode.a(CO_driver.c.obj)
                0x000000001000cc2a                CO_CANclearPendingSyncPDOs
 .text.k_mutex_unlock.isra.0
                0x000000001000cc84        0x4 modules/canopennode/libmodules__canopennode.a(canopennode.c.obj)
 .text.sync_thread
                0x000000001000cc88       0xa2 modules/canopennode/libmodules__canopennode.a(canopennode.c.obj)
 .text.z_impl_k_busy_wait
                0x000000001000cd2a       0x1c zephyr/kernel/libkernel.a(busy_wait.c.obj)
                0x000000001000cd2a                z_impl_k_busy_wait
 .text.z_device_state_init
                0x000000001000cd46        0x2 zephyr/kernel/libkernel.a(device.c.obj)
                0x000000001000cd46                z_device_state_init
 .text.z_impl_device_is_ready
                0x000000001000cd48       0x16 zephyr/kernel/libkernel.a(device.c.obj)
                0x000000001000cd48                z_impl_device_is_ready
 .text.arch_system_halt
                0x000000001000cd5e       0x10 zephyr/kernel/libkernel.a(fatal.c.obj)
                0x000000001000cd5e                arch_system_halt
 .text.do_device_init
                0x000000001000cd6e       0x30 zephyr/kernel/libkernel.a(init.c.obj)
 .text.z_early_memset
                0x000000001000cd9e        0x4 zephyr/kernel/libkernel.a(init.c.obj)
                0x000000001000cd9e                z_early_memset
 .text.z_early_memcpy
                0x000000001000cda2        0x4 zephyr/kernel/libkernel.a(init.c.obj)
                0x000000001000cda2                z_early_memcpy
 .text.z_init_static
                0x000000001000cda6        0x2 zephyr/kernel/libkernel.a(init_static.c.obj)
                0x000000001000cda6                z_init_static